Component: ARM Compiler 5.06 update 7 (build 960) Tool: armlink [4d3601]

==============================================================================

Section Cross References

    startup_stm32f103xb.o(RESET) refers to startup_stm32f103xb.o(STACK) for __initial_sp
    startup_stm32f103xb.o(RESET) refers to startup_stm32f103xb.o(.text) for Reset_Handler
    startup_stm32f103xb.o(RESET) refers to stm32f1xx_it.o(i.NMI_Handler) for NMI_Handler
    startup_stm32f103xb.o(RESET) refers to stm32f1xx_it.o(i.HardFault_Handler) for HardFault_Handler
    startup_stm32f103xb.o(RESET) refers to stm32f1xx_it.o(i.MemManage_Handler) for MemManage_Handler
    startup_stm32f103xb.o(RESET) refers to stm32f1xx_it.o(i.BusFault_Handler) for BusFault_Handler
    startup_stm32f103xb.o(RESET) refers to stm32f1xx_it.o(i.UsageFault_Handler) for UsageFault_Handler
    startup_stm32f103xb.o(RESET) refers to stm32f1xx_it.o(i.SVC_Handler) for SVC_Handler
    startup_stm32f103xb.o(RESET) refers to stm32f1xx_it.o(i.DebugMon_Handler) for DebugMon_Handler
    startup_stm32f103xb.o(RESET) refers to stm32f1xx_it.o(i.PendSV_Handler) for PendSV_Handler
    startup_stm32f103xb.o(RESET) refers to stm32f1xx_it.o(i.SysTick_Handler) for SysTick_Handler
    startup_stm32f103xb.o(RESET) refers to stm32f1xx_it.o(i.TIM2_IRQHandler) for TIM2_IRQHandler
    startup_stm32f103xb.o(RESET) refers to stm32f1xx_it.o(i.TIM3_IRQHandler) for TIM3_IRQHandler
    startup_stm32f103xb.o(RESET) refers to stm32f1xx_it.o(i.TIM4_IRQHandler) for TIM4_IRQHandler
    startup_stm32f103xb.o(RESET) refers to stm32f1xx_it.o(i.USART1_IRQHandler) for USART1_IRQHandler
    startup_stm32f103xb.o(RESET) refers to stm32f1xx_it.o(i.USART2_IRQHandler) for USART2_IRQHandler
    startup_stm32f103xb.o(RESET) refers to stm32f1xx_it.o(i.EXTI15_10_IRQHandler) for EXTI15_10_IRQHandler
    startup_stm32f103xb.o(.text) refers to system_stm32f1xx.o(i.SystemInit) for SystemInit
    startup_stm32f103xb.o(.text) refers to entry.o(.ARM.Collect$$$$00000000) for __main
    main.o(i.HAL_GPIO_EXTI_Callback) refers to btn.o(i.btn_handle_exti) for btn_handle_exti
    main.o(i.HAL_GPIO_EXTI_Callback) refers to main.o(.data) for .data
    main.o(i.HAL_TIM_PeriodElapsedCallback) refers to main.o(.data) for .data
    main.o(i.HAL_UART_RxCpltCallback) refers to maix_link.o(i.maix_link_on_rx_byte) for maix_link_on_rx_byte
    main.o(i.HAL_UART_RxCpltCallback) refers to stm32f1xx_hal_uart.o(i.HAL_UART_Receive_IT) for HAL_UART_Receive_IT
    main.o(i.HAL_UART_RxCpltCallback) refers to main.o(.data) for .data
    main.o(i.HAL_UART_RxCpltCallback) refers to usart.o(.bss) for huart1
    main.o(i.SystemClock_Config) refers to memseta.o(.text) for __aeabi_memclr4
    main.o(i.SystemClock_Config) refers to stm32f1xx_hal_rcc.o(i.HAL_RCC_OscConfig) for HAL_RCC_OscConfig
    main.o(i.SystemClock_Config) refers to stm32f1xx_hal_rcc.o(i.HAL_RCC_ClockConfig) for HAL_RCC_ClockConfig
    main.o(i.debug_printf_time) refers to printf8.o(i.__0printf$8) for __2printf
    main.o(i.debug_printf_time) refers to main.o(.data) for .data
    main.o(i.main) refers to stm32f1xx_hal.o(i.HAL_Init) for HAL_Init
    main.o(i.main) refers to main.o(i.SystemClock_Config) for SystemClock_Config
    main.o(i.main) refers to gpio.o(i.MX_GPIO_Init) for MX_GPIO_Init
    main.o(i.main) refers to usart.o(i.MX_USART1_UART_Init) for MX_USART1_UART_Init
    main.o(i.main) refers to tim.o(i.MX_TIM2_Init) for MX_TIM2_Init
    main.o(i.main) refers to tim.o(i.MX_TIM3_Init) for MX_TIM3_Init
    main.o(i.main) refers to tim.o(i.MX_TIM4_Init) for MX_TIM4_Init
    main.o(i.main) refers to usart.o(i.MX_USART2_UART_Init) for MX_USART2_UART_Init
    main.o(i.main) refers to i2c.o(i.MX_I2C1_Init) for MX_I2C1_Init
    main.o(i.main) refers to usart.o(i.MX_USART3_UART_Init) for MX_USART3_UART_Init
    main.o(i.main) refers to stm32f1xx_hal_tim.o(i.HAL_TIM_PWM_Start) for HAL_TIM_PWM_Start
    main.o(i.main) refers to stm32f1xx_hal_uart.o(i.HAL_UART_Receive_IT) for HAL_UART_Receive_IT
    main.o(i.main) refers to ui.o(i.ui_init) for ui_init
    main.o(i.main) refers to ssd1306.o(i.ssd1306_fill) for ssd1306_fill
    main.o(i.main) refers to maix_link.o(i.maix_link_init) for maix_link_init
    main.o(i.main) refers to gate.o(i.gate_init) for gate_init
    main.o(i.main) refers to sensor.o(i.sensor_init) for sensor_init
    main.o(i.main) refers to parking_db.o(i.db_init) for db_init
    main.o(i.main) refers to billing.o(i.billing_set_cfg) for billing_set_cfg
    main.o(i.main) refers to fsm.o(i.fsm_init) for fsm_init
    main.o(i.main) refers to stm32f1xx_hal_tim.o(i.HAL_TIM_Base_Start_IT) for HAL_TIM_Base_Start_IT
    main.o(i.main) refers to printf8.o(i.__0printf$8) for __2printf
    main.o(i.main) refers to maix_link.o(i.maix_link_poll) for maix_link_poll
    main.o(i.main) refers to sensor.o(i.sensor_poll) for sensor_poll
    main.o(i.main) refers to main.o(i.sensor) for sensor
    main.o(i.main) refers to btn.o(i.btn_poll) for btn_poll
[...]
    i.HAL_GPIO_Init                          0x080003bc   Section        0  stm32f1xx_hal_gpio.o(i.HAL_GPIO_Init)
    i.HAL_GPIO_ReadPin                       0x0800059c   Section        0  stm32f1xx_hal_gpio.o(i.HAL_GPIO_ReadPin)
    i.HAL_GetTick                            0x080005a8   Section        0  stm32f1xx_hal.o(i.HAL_GetTick)
    i.HAL_I2C_Init                           0x080005b4   Section        0  stm32f1xx_hal_i2c.o(i.HAL_I2C_Init)
    i.HAL_I2C_Master_Transmit                0x0800073c   Section        0  stm32f1xx_hal_i2c.o(i.HAL_I2C_Master_Transmit)
    i.HAL_I2C_MspInit                        0x08000868   Section        0  i2c.o(i.HAL_I2C_MspInit)
    i.HAL_IncTick                            0x080008d8   Section        0  stm32f1xx_hal.o(i.HAL_IncTick)
    i.HAL_Init                               0x080008e8   Section        0  stm32f1xx_hal.o(i.HAL_Init)
    i.HAL_InitTick                           0x0800090c   Section        0  stm32f1xx_hal.o(i.HAL_InitTick)
    i.HAL_MspInit                            0x0800094c   Section        0  stm32f1xx_hal_msp.o(i.HAL_MspInit)
    i.HAL_NVIC_EnableIRQ                     0x08000988   Section        0  stm32f1xx_hal_cortex.o(i.HAL_NVIC_EnableIRQ)
    i.HAL_NVIC_SetPriority                   0x080009a4   Section        0  stm32f1xx_hal_cortex.o(i.HAL_NVIC_SetPriority)
    i.HAL_NVIC_SetPriorityGrouping           0x080009e4   Section        0  stm32f1xx_hal_cortex.o(i.HAL_NVIC_SetPriorityGrouping)
    i.HAL_RCC_ClockConfig                    0x08000a08   Section        0  stm32f1xx_hal_rcc.o(i.HAL_RCC_ClockConfig)
    i.HAL_RCC_GetPCLK1Freq                   0x08000b34   Section        0  stm32f1xx_hal_rcc.o(i.HAL_RCC_GetPCLK1Freq)
    i.HAL_RCC_GetPCLK2Freq                   0x08000b54   Section        0  stm32f1xx_hal_rcc.o(i.HAL_RCC_GetPCLK2Freq)
    i.HAL_RCC_GetSysClockFreq                0x08000b74   Section        0  stm32f1xx_hal_rcc.o(i.HAL_RCC_GetSysClockFreq)
    i.HAL_RCC_OscConfig                      0x08000bc0   Section        0  stm32f1xx_hal_rcc.o(i.HAL_RCC_OscConfig)
    i.HAL_SYSTICK_Config                     0x08000ee0   Section        0  stm32f1xx_hal_cortex.o(i.HAL_SYSTICK_Config)
    i.HAL_TIMEx_BreakCallback                0x08000f08   Section        0  stm32f1xx_hal_tim_ex.o(i.HAL_TIMEx_BreakCallback)
    i.HAL_TIMEx_CommutCallback               0x08000f0a   Section        0  stm32f1xx_hal_tim_ex.o(i.HAL_TIMEx_CommutCallback)
    i.HAL_TIMEx_MasterConfigSynchronization  0x08000f0c   Section        0  stm32f1xx_hal_tim_ex.o(i.HAL_TIMEx_MasterConfigSynchronization)
    i.HAL_TIM_Base_Init                      0x08000f74   Section        0  stm32f1xx_hal_tim.o(i.HAL_TIM_Base_Init)
    i.HAL_TIM_Base_MspInit                   0x08000fd0   Section        0  tim.o(i.HAL_TIM_Base_MspInit)
    i.HAL_TIM_Base_Start_IT                  0x08001058   Section        0  stm32f1xx_hal_tim.o(i.HAL_TIM_Base_Start_IT)
    i.HAL_TIM_ConfigClockSource              0x080010b0   Section        0  stm32f1xx_hal_tim.o(i.HAL_TIM_ConfigClockSource)
    i.HAL_TIM_IC_CaptureCallback             0x0800118c   Section        0  stm32f1xx_hal_tim.o(i.HAL_TIM_IC_CaptureCallback)
    i.HAL_TIM_IRQHandler                     0x0800118e   Section        0  stm32f1xx_hal_tim.o(i.HAL_TIM_IRQHandler)
    i.HAL_TIM_MspPostInit                    0x080012c0   Section        0  tim.o(i.HAL_TIM_MspPostInit)
    i.HAL_TIM_OC_DelayElapsedCallback        0x0800130c   Section        0  stm32f1xx_hal_tim.o(i.HAL_TIM_OC_DelayElapsedCallback)
    i.HAL_TIM_PWM_ConfigChannel              0x0800130e   Section        0  stm32f1xx_hal_tim.o(i.HAL_TIM_PWM_ConfigChannel)
    i.HAL_TIM_PWM_Init                       0x080013da   Section        0  stm32f1xx_hal_tim.o(i.HAL_TIM_PWM_Init)
    i.HAL_TIM_PWM_MspInit                    0x08001434   Section        0  stm32f1xx_hal_tim.o(i.HAL_TIM_PWM_MspInit)
    i.HAL_TIM_PWM_PulseFinishedCallback      0x08001436   Section        0  stm32f1xx_hal_tim.o(i.HAL_TIM_PWM_PulseFinishedCallback)
    i.HAL_TIM_PWM_Start                      0x08001438   Section        0  stm32f1xx_hal_tim.o(i.HAL_TIM_PWM_Start)
    i.HAL_TIM_PeriodElapsedCallback          0x080014d4   Section        0  main.o(i.HAL_TIM_PeriodElapsedCallback)
    i.HAL_TIM_TriggerCallback                0x080014fc   Section        0  stm32f1xx_hal_tim.o(i.HAL_TIM_TriggerCallback)
    i.HAL_UARTEx_RxEventCallback             0x080014fe   Section        0  stm32f1xx_hal_uart.o(i.HAL_UARTEx_RxEventCallback)
    i.HAL_UART_ErrorCallback                 0x08001500   Section        0  stm32f1xx_hal_uart.o(i.HAL_UART_ErrorCallback)
    i.HAL_UART_IRQHandler                    0x08001504   Section        0  stm32f1xx_hal_uart.o(i.HAL_UART_IRQHandler)
    i.HAL_UART_Init                          0x08001770   Section        0  stm32f1xx_hal_uart.o(i.HAL_UART_Init)
    i.HAL_UART_MspInit                       0x080017d4   Section        0  usart.o(i.HAL_UART_MspInit)
    i.HAL_UART_Receive_IT                    0x080018fc   Section        0  stm32f1xx_hal_uart.o(i.HAL_UART_Receive_IT)
    i.HAL_UART_RxCpltCallback                0x08001918   Section        0  main.o(i.HAL_UART_RxCpltCallback)
    i.HAL_UART_Transmit                      0x08001948   Section        0  stm32f1xx_hal_uart.o(i.HAL_UART_Transmit)
    i.HAL_UART_TxCpltCallback                0x080019e8   Section        0  stm32f1xx_hal_uart.o(i.HAL_UART_TxCpltCallback)
    i.HardFault_Handler                      0x080019ea   Section        0  stm32f1xx_it.o(i.HardFault_Handler)
    i.I2C_IsAcknowledgeFailed                0x080019ec   Section        0  stm32f1xx_hal_i2c.o(i.I2C_IsAcknowledgeFailed)
    I2C_IsAcknowledgeFailed                  0x080019ed   Thumb Code    46  stm32f1xx_hal_i2c.o(i.I2C_IsAcknowledgeFailed)
    i.I2C_MasterRequestWrite                 0x08001a1c   Section        0  stm32f1xx_hal_i2c.o(i.I2C_MasterRequestWrite)
    I2C_MasterRequestWrite                   0x08001a1d   Thumb Code   150  stm32f1xx_hal_i2c.o(i.I2C_MasterRequestWrite)
    i.I2C_WaitOnBTFFlagUntilTimeout          0x08001ab8   Section        0  stm32f1xx_hal_i2c.o(i.I2C_WaitOnBTFFlagUntilTimeout)
    I2C_WaitOnBTFFlagUntilTimeout            0x08001ab9   Thumb Code    86  stm32f1xx_hal_i2c.o(i.I2C_WaitOnBTFFlagUntilTimeout)
    i.I2C_WaitOnFlagUntilTimeout             0x08001b10   Section        0  stm32f1xx_hal_i2c.o(i.I2C_WaitOnFlagUntilTimeout)
    I2C_WaitOnFlagUntilTimeout               0x08001b11   Thumb Code   144  stm32f1xx_hal_i2c.o(i.I2C_WaitOnFlagUntilTimeout)
    i.I2C_WaitOnMasterAddressFlagUntilTimeout 0x08001ba0   Section        0  stm32f1xx_hal_i2c.o(i.I2C_WaitOnMasterAddressFlagUntilTimeout)
    I2C_WaitOnMasterAddressFlagUntilTimeout  0x08001ba1   Thumb Code   188  stm32f1xx_hal_i2c.o(i.I2C_WaitOnMasterAddressFlagUntilTimeout)
    i.I2C_WaitOnTXEFlagUntilTimeout          0x08001c5c   Section        0  stm32f1xx_hal_i2c.o(i.I2C_WaitOnTXEFlagUntilTimeout)
    I2C_WaitOnTXEFlagUntilTimeout            0x08001c5d   Thumb Code    86  stm32f1xx_hal_i2c.o(i.I2C_WaitOnTXEFlagUntilTimeout)
    i.MX_GPIO_Init                           0x08001cb4   Section        0  gpio.o(i.MX_GPIO_Init)
    i.MX_I2C1_Init                           0x08001d48   Section        0  i2c.o(i.MX_I2C1_Init)
    i.MX_TIM2_Init                           0x08001d88   Section        0  tim.o(i.MX_TIM2_Init)
    i.MX_TIM3_Init                           0x08001dec   Section        0  tim.o(i.MX_TIM3_Init)
    i.MX_TIM4_Init                           0x08001e84   Section        0  tim.o(i.MX_TIM4_Init)
    i.MX_USART1_UART_Init                    0x08001eec   Section        0  usart.o(i.MX_USART1_UART_Init)
    i.MX_USART2_UART_Init                    0x08001f24   Section        0  usart.o(i.MX_USART2_UART_Init)
    i.MX_USART3_UART_Init                    0x08001f5c   Section        0  usart.o(i.MX_USART3_UART_Init)
    i.MemManage_Handler                      0x08001f94   Section        0  stm32f1xx_it.o(i.MemManage_Handler)
    i.NMI_Handler                            0x08001f96   Section        0  stm32f1xx_it.o(i.NMI_Handler)
    i.PendSV_Handler                         0x08001f98   Section        0  stm32f1xx_it.o(i.PendSV_Handler)
    i.SVC_Handler                            0x08001f9a   Section        0  stm32f1xx_it.o(i.SVC_Handler)
    i.SysTick_Handler                        0x08001f9c   Section        0  stm32f1xx_it.o(i.SysTick_Handler)
    i.SystemClock_Config                     0x08001fa0   Section        0  main.o(i.SystemClock_Config)
    i.SystemInit                             0x08001ffe   Section        0  system_stm32f1xx.o(i.SystemInit)
    i.TIM2_IRQHandler                        0x08002000   Section        0  stm32f1xx_it.o(i.TIM2_IRQHandler)
    i.TIM3_IRQHandler                        0x0800200c   Section        0  stm32f1xx_it.o(i.TIM3_IRQHandler)
    i.TIM4_IRQHandler                        0x08002018   Section        0  stm32f1xx_it.o(i.TIM4_IRQHandler)
    i.TIM_Base_SetConfig                     0x08002024   Section        0  stm32f1xx_hal_tim.o(i.TIM_Base_SetConfig)
    i.TIM_CCxChannelCmd                      0x0800209c   Section        0  stm32f1xx_hal_tim.o(i.TIM_CCxChannelCmd)
    i.TIM_ETR_SetConfig                      0x080020b6   Section        0  stm32f1xx_hal_tim.o(i.TIM_ETR_SetConfig)
    i.TIM_ITRx_SetConfig                     0x080020ca   Section        0  stm32f1xx_hal_tim.o(i.TIM_ITRx_SetConfig)
    TIM_ITRx_SetConfig                       0x080020cb   Thumb Code    16  stm32f1xx_hal_tim.o(i.TIM_ITRx_SetConfig)
    i.TIM_OC1_SetConfig                      0x080020dc   Section        0  stm32f1xx_hal_tim.o(i.TIM_OC1_SetConfig)
    TIM_OC1_SetConfig                        0x080020dd   Thumb Code    74  stm32f1xx_hal_tim.o(i.TIM_OC1_SetConfig)
    i.TIM_OC2_SetConfig                      0x0800212c   Section        0  stm32f1xx_hal_tim.o(i.TIM_OC2_SetConfig)
    i.TIM_OC3_SetConfig                      0x08002184   Section        0  stm32f1xx_hal_tim.o(i.TIM_OC3_SetConfig)
    TIM_OC3_SetConfig                        0x08002185   Thumb Code    82  stm32f1xx_hal_tim.o(i.TIM_OC3_SetConfig)
    i.TIM_OC4_SetConfig                      0x080021dc   Section        0  stm32f1xx_hal_tim.o(i.TIM_OC4_SetConfig)
    TIM_OC4_SetConfig                        0x080021dd   Thumb Code    64  stm32f1xx_hal_tim.o(i.TIM_OC4_SetConfig)
    i.TIM_TI1_ConfigInputStage               0x08002220   Section        0  stm32f1xx_hal_tim.o(i.TIM_TI1_ConfigInputStage)
    TIM_TI1_ConfigInputStage                 0x08002221   Thumb Code    34  stm32f1xx_hal_tim.o(i.TIM_TI1_ConfigInputStage)
    i.TIM_TI2_ConfigInputStage               0x08002242   Section        0  stm32f1xx_hal_tim.o(i.TIM_TI2_ConfigInputStage)
    TIM_TI2_ConfigInputStage                 0x08002243   Thumb Code    36  stm32f1xx_hal_tim.o(i.TIM_TI2_ConfigInputStage)
    i.UART_DMAAbortOnError                   0x08002266   Section        0  stm32f1xx_hal_uart.o(i.UART_DMAAbortOnError)
    UART_DMAAbortOnError                     0x08002267   Thumb Code    16  stm32f1xx_hal_uart.o(i.UART_DMAAbortOnError)
    i.UART_EndRxTransfer                     0x08002276   Section        0  stm32f1xx_hal_uart.o(i.UART_EndRxTransfer)
    UART_EndRxTransfer                       0x08002277   Thumb Code    78  stm32f1xx_hal_uart.o(i.UART_EndRxTransfer)
    i.UART_Receive_IT                        0x080022c4   Section        0  stm32f1xx_hal_uart.o(i.UART_Receive_IT)
    UART_Receive_IT                          0x080022c5   Thumb Code   194  stm32f1xx_hal_uart.o(i.UART_Receive_IT)
    i.UART_SetConfig                         0x08002388   Section        0  stm32f1xx_hal_uart.o(i.UART_SetConfig)
    UART_SetConfig                           0x08002389   Thumb Code   178  stm32f1xx_hal_uart.o(i.UART_SetConfig)
    i.UART_Start_Receive_IT                  0x08002440   Section        0  stm32f1xx_hal_uart.o(i.UART_Start_Receive_IT)
    i.UART_WaitOnFlagUntilTimeout            0x08002476   Section        0  stm32f1xx_hal_uart.o(i.UART_WaitOnFlagUntilTimeout)
    UART_WaitOnFlagUntilTimeout              0x08002477   Thumb Code   114  stm32f1xx_hal_uart.o(i.UART_WaitOnFlagUntilTimeout)
    i.USART1_IRQHandler                      0x080024e8   Section        0  stm32f1xx_it.o(i.USART1_IRQHandler)
    i.USART2_IRQHandler                      0x080024f4   Section        0  stm32f1xx_it.o(i.USART2_IRQHandler)
    i.UsageFault_Handler                     0x08002500   Section        0  stm32f1xx_it.o(i.UsageFault_Handler)
    i.__0printf$8                            0x08002504   Section        0  printf8.o(i.__0printf$8)
    i.__0snprintf$8                          0x08002524   Section        0  printf8.o(i.__0snprintf$8)
    i.__NVIC_SetPriority                     0x08002558   Section        0  stm32f1xx_hal_cortex.o(i.__NVIC_SetPriority)
    __NVIC_SetPriority                       0x08002559   Thumb Code    32  stm32f1xx_hal_cortex.o(i.__NVIC_SetPriority)
    i.__scatterload_copy                     0x08002578   Section       14  handlers.o(i.__scatterload_copy)
    i.__scatterload_null                     0x08002586   Section        2  handlers.o(i.__scatterload_null)
    i.__scatterload_zeroinit                 0x08002588   Section       14  handlers.o(i.__scatterload_zeroinit)
    i._printf_core                           0x08002598   Section        0  printf8.o(i._printf_core)
    _printf_core                             0x08002599   Thumb Code   984  printf8.o(i._printf_core)
    i._printf_post_padding                   0x0800299c   Section        0  printf8.o(i._printf_post_padding)
    _printf_post_padding                     0x0800299d   Thumb Code    36  printf8.o(i._printf_post_padding)
    i._printf_pre_padding                    0x080029c0   Section        0  printf8.o(i._printf_pre_padding)
    _printf_pre_padding                      0x080029c1   Thumb Code    46  printf8.o(i._printf_pre_padding)
    i._snputc                                0x080029ee   Section        0  printf8.o(i._snputc)
    _snputc                                  0x080029ef   Thumb Code    22  printf8.o(i._snputc)
    i.billing_calc_fee_cents                 0x08002a04   Section        0  billing.o(i.billing_calc_fee_cents)
    i.billing_set_cfg                        0x08002a28   Section        0  billing.o(i.billing_set_cfg)
    i.btn_handle_exti                        0x08002a3c   Section        0  btn.o(i.btn_handle_exti)
    i.btn_poll                               0x08002a90   Section        0  btn.o(i.btn_poll)
    i.ch_init                                0x08002ab0   Section        0  sensor.o(i.ch_init)
    ch_init                                  0x08002ab1   Thumb Code    18  sensor.o(i.ch_init)
    i.ch_update                              0x08002ac4   Section        0  sensor.o(i.ch_update)
    ch_update                                0x08002ac5   Thumb Code    58  sensor.o(i.ch_update)
    i.crc8_maxim                             0x08002b04   Section        0  crc8_maxim.o(i.crc8_maxim)
    i.db_capacity                            0x08002b30   Section        0  parking_db.o(i.db_capacity)
    i.db_commit_exit                         0x08002b3c   Section        0  parking_db.o(i.db_commit_exit)
    i.db_count_active                        0x08002b98   Section        0  parking_db.o(i.db_count_active)
    i.db_enter                               0x08002bc0   Section        0  parking_db.o(i.db_enter)
    i.db_find_active                         0x08002c34   Section        0  parking_db.o(i.db_find_active)
    i.db_find_writable_slot                  0x08002c70   Section        0  parking_db.o(i.db_find_writable_slot)
    db_find_writable_slot                    0x08002c71   Thumb Code    74  parking_db.o(i.db_find_writable_slot)
    i.db_init                                0x08002cc0   Section        0  parking_db.o(i.db_init)
    i.db_preview_exit                        0x08002cd0   Section        0  parking_db.o(i.db_preview_exit)
    i.draw16x16                              0x08002d1c   Section        0  ssd1306.o(i.draw16x16)
    i.draw8x16                               0x08002d88   Section        0  ssd1306.o(i.draw8x16)
    draw8x16                                 0x08002d89   Thumb Code   194  ssd1306.o(i.draw8x16)
    i.draw_err                               0x08002e54   Section        0  ui.o(i.draw_err)
    draw_err                                 0x08002e55   Thumb Code   128  ui.o(i.draw_err)
    i.draw_home                              0x08002ef8   Section        0  ui.o(i.draw_home)
    draw_home                                0x08002ef9   Thumb Code   114  ui.o(i.draw_home)
    i.draw_pay_ok                            0x08002f88   Section        0  ui.o(i.draw_pay_ok)
    draw_pay_ok                              0x08002f89   Thumb Code   134  ui.o(i.draw_pay_ok)
    i.draw_pay_wait                          0x08003024   Section        0  ui.o(i.draw_pay_wait)
    draw_pay_wait                            0x08003025   Thumb Code   134  ui.o(i.draw_pay_wait)
    i.draw_plate_utf8                        0x080030c8   Section        0  ssd1306.o(i.draw_plate_utf8)
    i.drop_and_resync                        0x0800313c   Section        0  maix_parser.o(i.drop_and_resync)
    drop_and_resync                          0x0800313d   Thumb Code    16  maix_parser.o(i.drop_and_resync)
    i.fputc                                  0x0800314c   Section        0  usart.o(i.fputc)
    i.fsm_init                               0x08003164   Section        0  fsm.o(i.fsm_init)
    i.fsm_on_ir_in_blocked                   0x080031a8   Section        0  fsm.o(i.fsm_on_ir_in_blocked)
    i.fsm_on_ir_out_blocked                  0x080031d4   Section        0  fsm.o(i.fsm_on_ir_out_blocked)
    i.fsm_on_plate                           0x08003200   Section        0  fsm.o(i.fsm_on_plate)
    i.fsm_step                               0x08003264   Section        0  fsm.o(i.fsm_step)
    i.gate_close                             0x080036bc   Section        0  gate.o(i.gate_close)
    i.gate_init                              0x080036e4   Section        0  gate.o(i.gate_init)
    i.gate_is_closed                         0x08003730   Section        0  gate.o(i.gate_is_closed)
    i.gate_is_open                           0x08003744   Section        0  gate.o(i.gate_is_open)
    i.gate_open                              0x08003754   Section        0  gate.o(i.gate_open)
    i.gate_poll                              0x08003784   Section        0  gate.o(i.gate_poll)
    i.goto_state                             0x080037b0   Section        0  fsm.o(i.goto_state)
    goto_state                               0x080037b1   Thumb Code    20  fsm.o(i.goto_state)
    i.main                                   0x080037d8   Section        0  main.o(i.main)
    i.maix_link_get_plate                    0x08003944   Section        0  maix_link.o(i.maix_link_get_plate)
    i.maix_link_init                         0x0800396c   Section        0  maix_link.o(i.maix_link_init)
    i.maix_link_on_rx_byte                   0x080039b4   Section        0  maix_link.o(i.maix_link_on_rx_byte)
    i.maix_link_poll                         0x080039e4   Section        0  maix_link.o(i.maix_link_poll)
    i.maix_link_send_req_ocr                 0x08003ac4   Section        0  maix_link.o(i.maix_link_send_req_ocr)
    i.maix_parser_feed                       0x08003b70   Section        0  maix_parser.o(i.maix_parser_feed)
    i.maix_parser_init                       0x08003c60   Section        0  maix_parser.o(i.maix_parser_init)
    i.map_close_us                           0x08003c74   Section        0  gate.o(i.map_close_us)
    map_close_us                             0x08003c75   Thumb Code    14  gate.o(i.map_close_us)
    i.oled_draw_cn16                         0x08003c88   Section        0  ssd1306.o(i.oled_draw_cn16)
    i.raw_to_blocked                         0x08003ce4   Section        0  sensor.o(i.raw_to_blocked)
    raw_to_blocked                           0x08003ce5   Thumb Code    10  sensor.o(i.raw_to_blocked)
    i.rb_init                                0x08003cee   Section        0  rb.o(i.rb_init)
    i.rb_pop                                 0x08003cfa   Section        0  rb.o(i.rb_pop)
    i.rb_push_isr                            0x08003d1e   Section        0  rb.o(i.rb_push_isr)
    i.read_raw_in                            0x08003d44   Section        0  sensor.o(i.read_raw_in)
    read_raw_in                              0x08003d45   Thumb Code    18  sensor.o(i.read_raw_in)
    i.read_raw_out                           0x08003d5c   Section        0  sensor.o(i.read_raw_out)
    read_raw_out                             0x08003d5d   Thumb Code    18  sensor.o(i.read_raw_out)
    i.sensor                                 0x08003d74   Section        0  main.o(i.sensor)
    i.sensor_get_event                       0x08003f3c   Section        0  sensor.o(i.sensor_get_event)
    i.sensor_init                            0x08003f64   Section        0  sensor.o(i.sensor_init)
    i.sensor_poll                            0x08003fc4   Section        0  sensor.o(i.sensor_poll)
    i.ssd1306_draw_pixel                     0x08004008   Section        0  ssd1306.o(i.ssd1306_draw_pixel)
    i.ssd1306_draw_str                       0x08004044   Section        0  ssd1306.o(i.ssd1306_draw_str)
    i.ssd1306_fill                           0x0800406c   Section        0  ssd1306.o(i.ssd1306_fill)
    i.ssd1306_init                           0x08004084   Section        0  ssd1306.o(i.ssd1306_init)
    i.ssd1306_update                         0x08004144   Section        0  ssd1306.o(i.ssd1306_update)
    i.ui_init                                0x080041c4   Section        0  ui.o(i.ui_init)
    i.ui_on_error                            0x080041e4   Section        0  ui.o(i.ui_on_error)
    i.ui_on_in_plate                         0x08004230   Section        0  ui.o(i.ui_on_in_plate)
    i.ui_on_pay_ok                           0x08004264   Section        0  ui.o(i.ui_on_pay_ok)
    i.ui_on_pay_wait                         0x080042a0   Section        0  ui.o(i.ui_on_pay_wait)
    i.ui_proc                                0x080042e0   Section        0  main.o(i.ui_proc)
    i.ui_set_page                            0x080042fc   Section        0  ui.o(i.ui_set_page)
    ui_set_page                              0x080042fd   Thumb Code    16  ui.o(i.ui_set_page)
    i.ui_tick                                0x08004310   Section        0  ui.o(i.ui_tick)
    i.wr_cmd                                 0x08004400   Section        0  ssd1306.o(i.wr_cmd)
    wr_cmd                                   0x08004401   Thumb Code    28  ssd1306.o(i.wr_cmd)
    .constdata                               0x08004420   Section       18  stm32f1xx_hal_rcc.o(.constdata)
    aPredivFactorTable                       0x08004420   Data           2  stm32f1xx_hal_rcc.o(.constdata)
    aPLLMULFactorTable                       0x08004422   Data          16  stm32f1xx_hal_rcc.o(.constdata)
    .constdata                               0x08004432   Section       16  system_stm32f1xx.o(.constdata)
    .constdata                               0x08004442   Section        8  system_stm32f1xx.o(.constdata)
    .constdata                               0x0800444a   Section      126  ui.o(.constdata)
    CN_YUAN                                  0x0800444a   Data           2  ui.o(.constdata)
    CN_YUAN                                  0x0800444c   Data           2  ui.o(.constdata)
    CN_PLATE                                 0x0800444e   Data           4  ui.o(.constdata)
    CN_PLATE                                 0x08004452   Data           4  ui.o(.constdata)
    CN_PLATE                                 0x08004456   Data           4  ui.o(.constdata)
    CN_PAY                                   0x0800445a   Data           4  ui.o(.constdata)
    CN_PLATE                                 0x0800445e   Data           4  ui.o(.constdata)
    CN_RCVD                                  0x08004462   Data           4  ui.o(.constdata)
    CN_PLATE                                 0x08004466   Data           4  ui.o(.constdata)
    CN_QINGTONGXING                          0x0800446a   Data           6  ui.o(.constdata)
    CN_LEAVE                                 0x08004470   Data           6  ui.o(.constdata)
    CN_ZAICHANGCHELIANG                      0x08004476   Data           8  ui.o(.constdata)
    CN_SHENGYUCHEWEI                         0x0800447e   Data           8  ui.o(.constdata)
    CN_IN_OK                                 0x08004486   Data           8  ui.o(.constdata)
    CN_PAYOK                                 0x0800448e   Data           8  ui.o(.constdata)
    CN_WAITPAY                               0x08004496   Data           8  ui.o(.constdata)
    CN_OK                                    0x0800449e   Data           8  ui.o(.constdata)
    CN_ERR_TITLE                             0x080044a6   Data           8  ui.o(.constdata)
    CN_DUP                                   0x080044ae   Data           8  ui.o(.constdata)
    CN_FULL                                  0x080044b6   Data           8  ui.o(.constdata)
    CN_NOTFOUND                              0x080044be   Data          10  ui.o(.constdata)
    .constdata                               0x080044c8   Section     2956  ssd1306.o(.constdata)
    font8x16_subset                          0x080044c8   Data         102  ssd1306.o(.constdata)
    font_cn_16x16                            0x0800452e   Data        1224  ssd1306.o(.constdata)
    font_16x16                               0x080049f6   Data        1054  ssd1306.o(.constdata)
    font8x16_digits                          0x08004e14   Data         160  ssd1306.o(.constdata)
    font8x16_AZ                              0x08004eb4   Data         416  ssd1306.o(.constdata)
    .data                                    0x20000000   Section       92  main.o(.data)
    ui_t0                                    0x20000010   Data           4  main.o(.data)
    last                                     0x20000014   Data           4  main.o(.data)
    .data                                    0x2000005c   Section       12  stm32f1xx_hal.o(.data)
    .data                                    0x20000068   Section        4  system_stm32f1xx.o(.data)
    .data                                    0x2000006c   Section       12  maix_link.o(.data)
    g_tx_seq                                 0x2000006c   Data           1  maix_link.o(.data)
    g_ms_ptr                                 0x20000070   Data           4  maix_link.o(.data)
    last_byte_ms                             0x20000074   Data           4  maix_link.o(.data)
    .data                                    0x20000078   Section       20  gate.o(.data)
    st                                       0x20000078   Data           1  gate.o(.data)
    target_open                              0x20000079   Data           1  gate.o(.data)
    g_ms                                     0x2000007c   Data           4  gate.o(.data)
    move_start_ms                            0x20000080   Data           4  gate.o(.data)
    cfg                                      0x20000084   Data           8  gate.o(.data)
    .data                                    0x2000008c   Section        8  sensor.o(.data)
    cfg                                      0x2000008c   Data           2  sensor.o(.data)
    g_ms                                     0x20000090   Data           4  sensor.o(.data)
    .data                                    0x20000094   Section       28  fsm.o(.data)
    last_lane                                0x20000094   Data           1  fsm.o(.data)
    gate_lane                                0x20000095   Data           1  fsm.o(.data)
    st                                       0x20000096   Data           1  fsm.o(.data)
    ir_in_blocked                            0x20000097   Data           1  fsm.o(.data)
    has_plate                                0x20000098   Data           1  fsm.o(.data)
    last_conf                                0x20000099   Data           1  fsm.o(.data)
    pending_pay                              0x2000009a   Data           1  fsm.o(.data)
    ir_out_blocked                           0x2000009b   Data           1  fsm.o(.data)
    g_ms                                     0x2000009c   Data           4  fsm.o(.data)
    pending_out_ms                           0x200000a0   Data           4  fsm.o(.data)
    pending_fee_cents                        0x200000a4   Data           4  fsm.o(.data)
    pending_dur_s                            0x200000a8   Data           4  fsm.o(.data)
    t_state                                  0x200000ac   Data           4  fsm.o(.data)
    .data                                    0x200000b0   Section        1  parking_db.o(.data)
    .data                                    0x200000b4   Section       12  billing.o(.data)
    g_cfg                                    0x200000b4   Data          12  billing.o(.data)
    .data                                    0x200000c0   Section       16  ui.o(.data)
    page                                     0x200000c0   Data           1  ui.o(.data)
    page_until_ms                            0x200000c4   Data           4  ui.o(.data)
    evt_dur_s                                0x200000c8   Data           4  ui.o(.data)
    evt_fee                                  0x200000cc   Data           4  ui.o(.data)
    .data                                    0x200000d0   Section       20  btn.o(.data)
    pressed_latch                            0x200000d1   Data           1  btn.o(.data)
    g_pay_btn                                0x200000d4   Data          16  btn.o(.data)
    .data                                    0x200000e4   Section        4  stdout.o(.data)
    .bss                                     0x200000e8   Section       36  main.o(.bss)
    .bss                                     0x2000010c   Section       84  i2c.o(.bss)
    .bss                                     0x20000160   Section      216  tim.o(.bss)
    .bss                                     0x20000238   Section      216  usart.o(.bss)
    .bss                                     0x20000310   Section     1392  maix_link.o(.bss)
    rb_mem                                   0x20000310   Data        1024  maix_link.o(.bss)
    rb1                                      0x20000710   Data          12  maix_link.o(.bss)
    parser                                   0x2000071c   Data         288  maix_link.o(.bss)
    fr                                       0x2000083c   Data          12  maix_link.o(.bss)
    evt                                      0x20000848   Data          36  maix_link.o(.bss)
    st                                       0x2000086c   Data          20  maix_link.o(.bss)
    .bss                                     0x20000880   Section       24  sensor.o(.bss)
    ch_in                                    0x20000880   Data          12  sensor.o(.bss)
    ch_out                                   0x2000088c   Data          12  sensor.o(.bss)
    .bss                                     0x20000898   Section       65  fsm.o(.bss)
    last_plate                               0x20000898   Data          33  fsm.o(.bss)
    pending_plate                            0x200008b9   Data          32  fsm.o(.bss)
    .bss                                     0x200008dc   Section     2400  parking_db.o(.bss)
    g_db                                     0x200008dc   Data        2400  parking_db.o(.bss)
    .bss                                     0x2000123c   Section       86  ui.o(.bss)
    err_msg                                  0x2000123c   Data          20  ui.o(.bss)
    err_plate                                0x20001250   Data          33  ui.o(.bss)
    evt_plate                                0x20001271   Data          33  ui.o(.bss)
    .bss                                     0x20001292   Section     1024  ssd1306.o(.bss)
    g_buf                                    0x20001292   Data        1024  ssd1306.o(.bss)
    STACK                                    0x20001698   Section     1024  startup_stm32f103xb.o(STACK)

    Global Symbols

    Symbol Name                              Value     Ov Type        Size  Object(Section)

    BuildAttributes$$THM_ISAv4$P$D$K$B$S$PE$A:L22UL41UL21$X:L11$S22US41US21$IEEE1$IW$USESV6$~STKCKD$USESV7$~SHL$OSPACE$ROPI$EBA8$MICROLIB$REQ8$PRES8$EABIv2 0x00000000   Number         0  anon$$obj.o ABSOLUTE
    __ARM_use_no_argv                        0x00000000   Number         0  main.o ABSOLUTE
    _printf_a                                0x00000000   Number         0  stubs.o ABSOLUTE
    _printf_c                                0x00000000   Number         0  stubs.o ABSOLUTE
    _printf_charcount                        0x00000000   Number         0  stubs.o ABSOLUTE
    _printf_d                                0x00000000   Number         0  stubs.o ABSOLUTE
    _printf_e                                0x00000000   Number         0  stubs.o ABSOLUTE
    _printf_f                                0x00000000   Number         0  stubs.o ABSOLUTE
    _printf_flags                            0x00000000   Number         0  stubs.o ABSOLUTE
    _printf_fp_dec                           0x00000000   Number         0  stubs.o ABSOLUTE
    _printf_fp_hex                           0x00000000   Number         0  stubs.o ABSOLUTE
    _printf_g                                0x00000000   Number         0  stubs.o ABSOLUTE
    _printf_i                                0x00000000   Number         0  stubs.o ABSOLUTE
    _printf_int_dec                          0x00000000   Number         0  stubs.o ABSOLUTE
    _printf_l                                0x00000000   Number         0  stubs.o ABSOLUTE
    _printf_lc                               0x00000000   Number         0  stubs.o ABSOLUTE
    _printf_ll                               0x00000000   Number         0  stubs.o ABSOLUTE
    _printf_lld                              0x00000000   Number         0  stubs.o ABSOLUTE
    _printf_lli                              0x00000000   Number         0  stubs.o ABSOLUTE
    _printf_llo                              0x00000000   Number         0  stubs.o ABSOLUTE
    _printf_llu                              0x00000000   Number         0  stubs.o ABSOLUTE
    _printf_llx                              0x00000000   Number         0  stubs.o ABSOLUTE
    _printf_longlong_dec                     0x00000000   Number         0  stubs.o ABSOLUTE
    _printf_longlong_hex                     0x00000000   Number         0  stubs.o ABSOLUTE
    _printf_longlong_oct                     0x00000000   Number         0  stubs.o ABSOLUTE
    _printf_ls                               0x00000000   Number         0  stubs.o ABSOLUTE
    _printf_mbtowc                           0x00000000   Number         0  stubs.o ABSOLUTE
    _printf_n                                0x00000000   Number         0  stubs.o ABSOLUTE
    _printf_o                                0x00000000   Number         0  stubs.o ABSOLUTE
    _printf_p                                0x00000000   Number         0  stubs.o ABSOLUTE
    _printf_percent                          0x00000000   Number         0  stubs.o ABSOLUTE
    _printf_pre_padding                      0x00000000   Number         0  stubs.o ABSOLUTE
    _printf_return_value                     0x00000000   Number         0  stubs.o ABSOLUTE
    _printf_s                                0x00000000   Number         0  stubs.o ABSOLUTE
    _printf_sizespec                         0x00000000   Number         0  stubs.o ABSOLUTE
    _printf_str                              0x00000000   Number         0  stubs.o ABSOLUTE
    _printf_truncate_signed                  0x00000000   Number         0  stubs.o ABSOLUTE
    _printf_truncate_unsigned                0x00000000   Number         0  stubs.o ABSOLUTE
    _printf_u                                0x00000000   Number         0  stubs.o ABSOLUTE
    _printf_wc                               0x00000000   Number         0  stubs.o ABSOLUTE
    _printf_wctomb                           0x00000000   Number         0  stubs.o ABSOLUTE
    _printf_widthprec                        0x00000000   Number         0  stubs.o ABSOLUTE
    _printf_x                                0x00000000   Number         0  stubs.o ABSOLUTE
    __arm_fini_                               - Undefined Weak Reference
    __cpp_initialize__aeabi_                  - Undefined Weak Reference
    __cxa_finalize                            - Undefined Weak Reference
    __decompress                              - Undefined Weak Reference
    _clock_init                               - Undefined Weak Reference
    _microlib_exit                            - Undefined Weak Reference
    __Vectors_Size                           0x000000ec   Number         0  startup_stm32f103xb.o ABSOLUTE
    __Vectors                                0x08000000   Data           4  startup_stm32f103xb.o(RESET)
    __Vectors_End                            0x080000ec   Data           0  startup_stm32f103xb.o(RESET)
    __main                                   0x080000ed   Thumb Code     0  entry.o(.ARM.Collect$$$$00000000)
    _main_stk                                0x080000ed   Thumb Code     0  entry2.o(.ARM.Collect$$$$00000001)
    _main_scatterload                        0x080000f1   Thumb Code     0  entry5.o(.ARM.Collect$$$$00000004)
    __main_after_scatterload                 0x080000f5   Thumb Code     0  entry5.o(.ARM.Collect$$$$00000004)
    _main_clock                              0x080000f5   Thumb Code     0  entry7b.o(.ARM.Collect$$$$00000008)
    _main_cpp_init                           0x080000f5   Thumb Code     0  entry8b.o(.ARM.Collect$$$$0000000A)
    _main_init                               0x080000f5   Thumb Code     0  entry9a.o(.ARM.Collect$$$$0000000B)
    __rt_lib_shutdown_fini                   0x080000fd   Thumb Code     0  entry12b.o(.ARM.Collect$$$$0000000E)
    __rt_final_cpp                           0x08000101   Thumb Code     0  entry10a.o(.ARM.Collect$$$$0000000F)
    __rt_final_exit                          0x08000101   Thumb Code     0  entry11a.o(.ARM.Collect$$$$00000011)
    Reset_Handler                            0x08000105   Thumb Code     8  startup_stm32f103xb.o(.text)
    ADC1_2_IRQHandler                        0x0800011f   Thumb Code     0  startup_stm32f103xb.o(.text)
    CAN1_RX1_IRQHandler                      0x0800011f   Thumb Code     0  startup_stm32f103xb.o(.text)
    CAN1_SCE_IRQHandler                      0x0800011f   Thumb Code     0  startup_stm32f103xb.o(.text)
    DMA1_Channel1_IRQHandler                 0x0800011f   Thumb Code     0  startup_stm32f103xb.o(.text)
    DMA1_Channel2_IRQHandler                 0x0800011f   Thumb Code     0  startup_stm32f103xb.o(.text)
    DMA1_Channel3_IRQHandler                 0x0800011f   Thumb Code     0  startup_stm32f103xb.o(.text)
    DMA1_Channel4_IRQHandler                 0x0800011f   Thumb Code     0  startup_stm32f103xb.o(.text)
    DMA1_Channel5_IRQHandler                 0x0800011f   Thumb Code     0  startup_stm32f103xb.o(.text)
    DMA1_Channel6_IRQHandler                 0x0800011f   Thumb Code     0  startup_stm32f103xb.o(.text)
    DMA1_Channel7_IRQHandler                 0x0800011f   Thumb Code     0  startup_stm32f103xb.o(.text)
    EXTI0_IRQHandler                         0x0800011f   Thumb Code     0  startup_stm32f103xb.o(.text)
    EXTI1_IRQHandler                         0x0800011f   Thumb Code     0  startup_stm32f103xb.o(.text)
    EXTI2_IRQHandler                         0x0800011f   Thumb Code     0  startup_stm32f103xb.o(.text)
    EXTI3_IRQHandler                         0x0800011f   Thumb Code     0  startup_stm32f103xb.o(.text)
    EXTI4_IRQHandler                         0x0800011f   Thumb Code     0  startup_stm32f103xb.o(.text)
    EXTI9_5_IRQHandler                       0x0800011f   Thumb Code     0  startup_stm32f103xb.o(.text)
    FLASH_IRQHandler                         0x0800011f   Thumb Code     0  startup_stm32f103xb.o(.text)
    I2C1_ER_IRQHandler                       0x0800011f   Thumb Code     0  startup_stm32f103xb.o(.text)
    I2C1_EV_IRQHandler                       0x0800011f   Thumb Code     0  startup_stm32f103xb.o(.text)
    I2C2_ER_IRQHandler                       0x0800011f   Thumb Code     0  startup_stm32f103xb.o(.text)
    I2C2_EV_IRQHandler                       0x0800011f   Thumb Code     0  startup_stm32f103xb.o(.text)
    PVD_IRQHandler                           0x0800011f   Thumb Code     0  startup_stm32f103xb.o(.text)
    RCC_IRQHandler                           0x0800011f   Thumb Code     0  startup_stm32f103xb.o(.text)
    RTC_Alarm_IRQHandler                     0x0800011f   Thumb Code     0  startup_stm32f103xb.o(.text)
    RTC_IRQHandler                           0x0800011f   Thumb Code     0  startup_stm32f103xb.o(.text)
    SPI1_IRQHandler                          0x0800011f   Thumb Code     0  startup_stm32f103xb.o(.text)
    SPI2_IRQHandler                          0x0800011f   Thumb Code     0  startup_stm32f103xb.o(.text)
    TAMPER_IRQHandler                        0x0800011f   Thumb Code     0  startup_stm32f103xb.o(.text)
    TIM1_BRK_IRQHandler                      0x0800011f   Thumb Code     0  startup_stm32f103xb.o(.text)
    TIM1_CC_IRQHandler                       0x0800011f   Thumb Code     0  startup_stm32f103xb.o(.text)
    TIM1_TRG_COM_IRQHandler                  0x0800011f   Thumb Code     0  startup_stm32f103xb.o(.text)
    TIM1_UP_IRQHandler                       0x0800011f   Thumb Code     0  startup_stm32f103xb.o(.text)
    USART3_IRQHandler                        0x0800011f   Thumb Code     0  startup_stm32f103xb.o(.text)
    USBWakeUp_IRQHandler                     0x0800011f   Thumb Code     0  startup_stm32f103xb.o(.text)
    USB_HP_CAN1_TX_IRQHandler                0x0800011f   Thumb Code     0  startup_stm32f103xb.o(.text)
    USB_LP_CAN1_RX0_IRQHandler               0x0800011f   Thumb Code     0  startup_stm32f103xb.o(.text)
    WWDG_IRQHandler                          0x0800011f   Thumb Code     0  startup_stm32f103xb.o(.text)
    __aeabi_llsr                             0x08000129   Thumb Code    32  llushr.o(.text)
    _ll_ushift_r                             0x08000129   Thumb Code     0  llushr.o(.text)
    __aeabi_memcpy                           0x08000149   Thumb Code    36  memcpya.o(.text)
    __aeabi_memcpy4                          0x08000149   Thumb Code     0  memcpya.o(.text)
    __aeabi_memcpy8                          0x08000149   Thumb Code     0  memcpya.o(.text)
    __aeabi_memset                           0x0800016d   Thumb Code    14  memseta.o(.text)
    __aeabi_memset4                          0x0800016d   Thumb Code     0  memseta.o(.text)
    __aeabi_memset8                          0x0800016d   Thumb Code     0  memseta.o(.text)
    __aeabi_memclr                           0x0800017b   Thumb Code     4  memseta.o(.text)
    __aeabi_memclr4                          0x0800017b   Thumb Code     0  memseta.o(.text)
    __aeabi_memclr8                          0x0800017b   Thumb Code     0  memseta.o(.text)
    _memset$wrapper                          0x0800017f   Thumb Code    18  memseta.o(.text)
    strncpy                                  0x08000191   Thumb Code    24  strncpy.o(.text)
    strcmp                                   0x080001a9   Thumb Code    28  strcmp.o(.text)
    strncmp                                  0x080001c5   Thumb Code    30  strncmp.o(.text)
    __aeabi_uldivmod                         0x080001e3   Thumb Code    98  uldiv.o(.text)
    __scatterload                            0x08000245   Thumb Code    28  init.o(.text)
    __scatterload_rt2                        0x08000245   Thumb Code     0  init.o(.text)
    __aeabi_llsl                             0x08000269   Thumb Code    30  llshl.o(.text)
    _ll_shift_l                              0x08000269   Thumb Code     0  llshl.o(.text)
    BusFault_Handler                         0x08000287   Thumb Code     2  stm32f1xx_it.o(i.BusFault_Handler)
    DebugMon_Handler                         0x08000289   Thumb Code     2  stm32f1xx_it.o(i.DebugMon_Handler)
    EXTI15_10_IRQHandler                     0x0800028b   Thumb Code     8  stm32f1xx_it.o(i.EXTI15_10_IRQHandler)
    Error_Handler                            0x08000293   Thumb Code     4  main.o(i.Error_Handler)
    HAL_DMA_Abort                            0x08000297   Thumb Code    70  stm32f1xx_hal_dma.o(i.HAL_DMA_Abort)
    HAL_DMA_Abort_IT                         0x080002dd   Thumb Code   148  stm32f1xx_hal_dma.o(i.HAL_DMA_Abort_IT)
    HAL_Delay                                0x08000375   Thumb Code    32  stm32f1xx_hal.o(i.HAL_Delay)
    HAL_GPIO_EXTI_Callback                   0x08000399   Thumb Code     8  main.o(i.HAL_GPIO_EXTI_Callback)
    HAL_GPIO_EXTI_IRQHandler                 0x080003a5   Thumb Code    18  stm32f1xx_hal_gpio.o(i.HAL_GPIO_EXTI_IRQHandler)
    HAL_GPIO_Init                            0x080003bd   Thumb Code   446  stm32f1xx_hal_gpio.o(i.HAL_GPIO_Init)
    HAL_GPIO_ReadPin                         0x0800059d   Thumb Code    10  stm32f1xx_hal_gpio.o(i.HAL_GPIO_ReadPin)
    HAL_GetTick                              0x080005a9   Thumb Code     6  stm32f1xx_hal.o(i.HAL_GetTick)
    HAL_I2C_Init                             0x080005b5   Thumb Code   376  stm32f1xx_hal_i2c.o(i.HAL_I2C_Init)
    HAL_I2C_Master_Transmit                  0x0800073d   Thumb Code   290  stm32f1xx_hal_i2c.o(i.HAL_I2C_Master_Transmit)
    HAL_I2C_MspInit                          0x08000869   Thumb Code    96  i2c.o(i.HAL_I2C_MspInit)
    HAL_IncTick                              0x080008d9   Thumb Code    12  stm32f1xx_hal.o(i.HAL_IncTick)
    HAL_Init                                 0x080008e9   Thumb Code    32  stm32f1xx_hal.o(i.HAL_Init)
    HAL_InitTick                             0x0800090d   Thumb Code    54  stm32f1xx_hal.o(i.HAL_InitTick)
    HAL_MspInit                              0x0800094d   Thumb Code    52  stm32f1xx_hal_msp.o(i.HAL_MspInit)
    HAL_NVIC_EnableIRQ                       0x08000989   Thumb Code    26  stm32f1xx_hal_cortex.o(i.HAL_NVIC_EnableIRQ)
    HAL_NVIC_SetPriority                     0x080009a5   Thumb Code    60  stm32f1xx_hal_cortex.o(i.HAL_NVIC_SetPriority)
    HAL_NVIC_SetPriorityGrouping             0x080009e5   Thumb Code    26  stm32f1xx_hal_cortex.o(i.HAL_NVIC_SetPriorityGrouping)
    HAL_RCC_ClockConfig                      0x08000a09   Thumb Code   280  stm32f1xx_hal_rcc.o(i.HAL_RCC_ClockConfig)
    HAL_RCC_GetPCLK1Freq                     0x08000b35   Thumb Code    20  stm32f1xx_hal_rcc.o(i.HAL_RCC_GetPCLK1Freq)
    HAL_RCC_GetPCLK2Freq                     0x08000b55   Thumb Code    20  stm32f1xx_hal_rcc.o(i.HAL_RCC_GetPCLK2Freq)
    HAL_RCC_GetSysClockFreq                  0x08000b75   Thumb Code    58  stm32f1xx_hal_rcc.o(i.HAL_RCC_GetSysClockFreq)
    HAL_RCC_OscConfig                        0x08000bc1   Thumb Code   778  stm32f1xx_hal_rcc.o(i.HAL_RCC_OscConfig)
    HAL_SYSTICK_Config                       0x08000ee1   Thumb Code    40  stm32f1xx_hal_cortex.o(i.HAL_SYSTICK_Config)
    HAL_TIMEx_BreakCallback                  0x08000f09   Thumb Code     2  stm32f1xx_hal_tim_ex.o(i.HAL_TIMEx_BreakCallback)
    HAL_TIMEx_CommutCallback                 0x08000f0b   Thumb Code     2  stm32f1xx_hal_tim_ex.o(i.HAL_TIMEx_CommutCallback)
    HAL_TIMEx_MasterConfigSynchronization    0x08000f0d   Thumb Code    92  stm32f1xx_hal_tim_ex.o(i.HAL_TIMEx_MasterConfigSynchronization)
    HAL_TIM_Base_Init                        0x08000f75   Thumb Code    90  stm32f1xx_hal_tim.o(i.HAL_TIM_Base_Init)
    HAL_TIM_Base_MspInit                     0x08000fd1   Thumb Code   122  tim.o(i.HAL_TIM_Base_MspInit)
    HAL_TIM_Base_Start_IT                    0x08001059   Thumb Code    76  stm32f1xx_hal_tim.o(i.HAL_TIM_Base_Start_IT)
    HAL_TIM_ConfigClockSource                0x080010b1   Thumb Code   220  stm32f1xx_hal_tim.o(i.HAL_TIM_ConfigClockSource)
    HAL_TIM_IC_CaptureCallback               0x0800118d   Thumb Code     2  stm32f1xx_hal_tim.o(i.HAL_TIM_IC_CaptureCallback)
    HAL_TIM_IRQHandler                       0x0800118f   Thumb Code   304  stm32f1xx_hal_tim.o(i.HAL_TIM_IRQHandler)
    HAL_TIM_MspPostInit                      0x080012c1   Thumb Code    62  tim.o(i.HAL_TIM_MspPostInit)
    HAL_TIM_OC_DelayElapsedCallback          0x0800130d   Thumb Code     2  stm32f1xx_hal_tim.o(i.HAL_TIM_OC_DelayElapsedCallback)
    HAL_TIM_PWM_ConfigChannel                0x0800130f   Thumb Code   204  stm32f1xx_hal_tim.o(i.HAL_TIM_PWM_ConfigChannel)
    HAL_TIM_PWM_Init                         0x080013db   Thumb Code    90  stm32f1xx_hal_tim.o(i.HAL_TIM_PWM_Init)
    HAL_TIM_PWM_MspInit                      0x08001435   Thumb Code     2  stm32f1xx_hal_tim.o(i.HAL_TIM_PWM_MspInit)
    HAL_TIM_PWM_PulseFinishedCallback        0x08001437   Thumb Code     2  stm32f1xx_hal_tim.o(i.HAL_TIM_PWM_PulseFinishedCallback)
    HAL_TIM_PWM_Start                        0x08001439   Thumb Code   144  stm32f1xx_hal_tim.o(i.HAL_TIM_PWM_Start)
    HAL_TIM_PeriodElapsedCallback            0x080014d5   Thumb Code    30  main.o(i.HAL_TIM_PeriodElapsedCallback)
    HAL_TIM_TriggerCallback                  0x080014fd   Thumb Code     2  stm32f1xx_hal_tim.o(i.HAL_TIM_TriggerCallback)
    HAL_UARTEx_RxEventCallback               0x080014ff   Thumb Code     2  stm32f1xx_hal_uart.o(i.HAL_UARTEx_RxEventCallback)
    HAL_UART_ErrorCallback                   0x08001501   Thumb Code     2  stm32f1xx_hal_uart.o(i.HAL_UART_ErrorCallback)
    HAL_UART_IRQHandler                      0x08001505   Thumb Code   616  stm32f1xx_hal_uart.o(i.HAL_UART_IRQHandler)
    HAL_UART_Init                            0x08001771   Thumb Code   100  stm32f1xx_hal_uart.o(i.HAL_UART_Init)
    HAL_UART_MspInit                         0x080017d5   Thumb Code   270  usart.o(i.HAL_UART_MspInit)
    HAL_UART_Receive_IT                      0x080018fd   Thumb Code    28  stm32f1xx_hal_uart.o(i.HAL_UART_Receive_IT)
    HAL_UART_RxCpltCallback                  0x08001919   Thumb Code    36  main.o(i.HAL_UART_RxCpltCallback)
    HAL_UART_Transmit                        0x08001949   Thumb Code   160  stm32f1xx_hal_uart.o(i.HAL_UART_Transmit)
    HAL_UART_TxCpltCallback                  0x080019e9   Thumb Code     2  stm32f1xx_hal_uart.o(i.HAL_UART_TxCpltCallback)
    HardFault_Handler                        0x080019eb   Thumb Code     2  stm32f1xx_it.o(i.HardFault_Handler)
    MX_GPIO_Init                             0x08001cb5   Thumb Code   130  gpio.o(i.MX_GPIO_Init)
    MX_I2C1_Init                             0x08001d49   Thumb Code    50  i2c.o(i.MX_I2C1_Init)
    MX_TIM2_Init                             0x08001d89   Thumb Code    96  tim.o(i.MX_TIM2_Init)
    MX_TIM3_Init                             0x08001ded   Thumb Code   144  tim.o(i.MX_TIM3_Init)
    MX_TIM4_Init                             0x08001e85   Thumb Code    96  tim.o(i.MX_TIM4_Init)
    MX_USART1_UART_Init                      0x08001eed   Thumb Code    48  usart.o(i.MX_USART1_UART_Init)
    MX_USART2_UART_Init                      0x08001f25   Thumb Code    48  usart.o(i.MX_USART2_UART_Init)
    MX_USART3_UART_Init                      0x08001f5d   Thumb Code    48  usart.o(i.MX_USART3_UART_Init)
    MemManage_Handler                        0x08001f95   Thumb Code     2  stm32f1xx_it.o(i.MemManage_Handler)
    NMI_Handler                              0x08001f97   Thumb Code     2  stm32f1xx_it.o(i.NMI_Handler)
    PendSV_Handler                           0x08001f99   Thumb Code     2  stm32f1xx_it.o(i.PendSV_Handler)
    SVC_Handler                              0x08001f9b   Thumb Code     2  stm32f1xx_it.o(i.SVC_Handler)
    SysTick_Handler                          0x08001f9d   Thumb Code     4  stm32f1xx_it.o(i.SysTick_Handler)
    SystemClock_Config                       0x08001fa1   Thumb Code    94  main.o(i.SystemClock_Config)
    SystemInit                               0x08001fff   Thumb Code     2  system_stm32f1xx.o(i.SystemInit)
    TIM2_IRQHandler                          0x08002001   Thumb Code     6  stm32f1xx_it.o(i.TIM2_IRQHandler)
    TIM3_IRQHandler                          0x0800200d   Thumb Code     6  stm32f1xx_it.o(i.TIM3_IRQHandler)
    TIM4_IRQHandler                          0x08002019   Thumb Code     6  stm32f1xx_it.o(i.TIM4_IRQHandler)
    TIM_Base_SetConfig                       0x08002025   Thumb Code   108  stm32f1xx_hal_tim.o(i.TIM_Base_SetConfig)
    TIM_CCxChannelCmd                        0x0800209d   Thumb Code    26  stm32f1xx_hal_tim.o(i.TIM_CCxChannelCmd)
    TIM_ETR_SetConfig                        0x080020b7   Thumb Code    20  stm32f1xx_hal_tim.o(i.TIM_ETR_SetConfig)
    TIM_OC2_SetConfig                        0x0800212d   Thumb Code    84  stm32f1xx_hal_tim.o(i.TIM_OC2_SetConfig)
    UART_Start_Receive_IT                    0x08002441   Thumb Code    54  stm32f1xx_hal_uart.o(i.UART_Start_Receive_IT)
    USART1_IRQHandler                        0x080024e9   Thumb Code     6  stm32f1xx_it.o(i.USART1_IRQHandler)
    USART2_IRQHandler                        0x080024f5   Thumb Code     6  stm32f1xx_it.o(i.USART2_IRQHandler)
    UsageFault_Handler                       0x08002501   Thumb Code     2  stm32f1xx_it.o(i.UsageFault_Handler)
    __0printf$8                              0x08002505   Thumb Code    22  printf8.o(i.__0printf$8)
    __1printf$8                              0x08002505   Thumb Code     0  printf8.o(i.__0printf$8)
    __2printf                                0x08002505   Thumb Code     0  printf8.o(i.__0printf$8)
    __0snprintf$8                            0x08002525   Thumb Code    48  printf8.o(i.__0snprintf$8)
    __1snprintf$8                            0x08002525   Thumb Code     0  printf8.o(i.__0snprintf$8)
    __2snprintf                              0x08002525   Thumb Code     0  printf8.o(i.__0snprintf$8)
    __scatterload_copy                       0x08002579   Thumb Code    14  handlers.o(i.__scatterload_copy)
    __scatterload_null                       0x08002587   Thumb Code     2  handlers.o(i.__scatterload_null)
    __scatterload_zeroinit                   0x08002589   Thumb Code    14  handlers.o(i.__scatterload_zeroinit)
    billing_calc_fee_cents                   0x08002a05   Thumb Code    30  billing.o(i.billing_calc_fee_cents)
    billing_set_cfg                          0x08002a29   Thumb Code    14  billing.o(i.billing_set_cfg)
    btn_handle_exti                          0x08002a3d   Thumb Code    62  btn.o(i.btn_handle_exti)
    btn_poll                                 0x08002a91   Thumb Code    22  btn.o(i.btn_poll)
    crc8_maxim                               0x08002b05   Thumb Code    44  crc8_maxim.o(i.crc8_maxim)
    db_capacity                              0x08002b31   Thumb Code     6  parking_db.o(i.db_capacity)
    db_commit_exit                           0x08002b3d   Thumb Code    86  parking_db.o(i.db_commit_exit)
    db_count_active                          0x08002b99   Thumb Code    34  parking_db.o(i.db_count_active)
    db_enter                                 0x08002bc1   Thumb Code   106  parking_db.o(i.db_enter)
    db_find_active                           0x08002c35   Thumb Code    56  parking_db.o(i.db_find_active)
    db_init                                  0x08002cc1   Thumb Code    10  parking_db.o(i.db_init)
    db_preview_exit                          0x08002cd1   Thumb Code    72  parking_db.o(i.db_preview_exit)
    draw16x16                                0x08002d1d   Thumb Code   106  ssd1306.o(i.draw16x16)
    draw_plate_utf8                          0x080030c9   Thumb Code   112  ssd1306.o(i.draw_plate_utf8)
    fputc                                    0x0800314d   Thumb Code    20  usart.o(i.fputc)
    fsm_init                                 0x08003165   Thumb Code    46  fsm.o(i.fsm_init)
    fsm_on_ir_in_blocked                     0x080031a9   Thumb Code    18  fsm.o(i.fsm_on_ir_in_blocked)
    fsm_on_ir_out_blocked                    0x080031d5   Thumb Code    18  fsm.o(i.fsm_on_ir_out_blocked)
    fsm_on_plate                             0x08003201   Thumb Code    56  fsm.o(i.fsm_on_plate)
    fsm_step                                 0x08003265   Thumb Code   522  fsm.o(i.fsm_step)
    gate_close                               0x080036bd   Thumb Code    32  gate.o(i.gate_close)
    gate_init                                0x080036e5   Thumb Code    68  gate.o(i.gate_init)
    gate_is_closed                           0x08003731   Thumb Code    14  gate.o(i.gate_is_closed)
    gate_is_open                             0x08003745   Thumb Code    12  gate.o(i.gate_is_open)
    gate_open                                0x08003755   Thumb Code    40  gate.o(i.gate_open)
    gate_poll                                0x08003785   Thumb Code    40  gate.o(i.gate_poll)
    main                                     0x080037d9   Thumb Code   244  main.o(i.main)
    maix_link_get_plate                      0x08003945   Thumb Code    36  maix_link.o(i.maix_link_get_plate)
    maix_link_init                           0x0800396d   Thumb Code    54  maix_link.o(i.maix_link_init)
    maix_link_on_rx_byte                     0x080039b5   Thumb Code    34  maix_link.o(i.maix_link_on_rx_byte)
    maix_link_poll                           0x080039e5   Thumb Code   164  maix_link.o(i.maix_link_poll)
    maix_link_send_req_ocr                   0x08003ac5   Thumb Code   124  maix_link.o(i.maix_link_send_req_ocr)
    maix_parser_feed                         0x08003b71   Thumb Code   240  maix_parser.o(i.maix_parser_feed)
    maix_parser_init                         0x08003c61   Thumb Code    18  maix_parser.o(i.maix_parser_init)
    oled_draw_cn16                           0x08003c89   Thumb Code    86  ssd1306.o(i.oled_draw_cn16)
    rb_init                                  0x08003cef   Thumb Code    12  rb.o(i.rb_init)
    rb_pop                                   0x08003cfb   Thumb Code    36  rb.o(i.rb_pop)
    rb_push_isr                              0x08003d1f   Thumb Code    36  rb.o(i.rb_push_isr)
    sensor                                   0x08003d75   Thumb Code   330  main.o(i.sensor)
    sensor_get_event                         0x08003f3d   Thumb Code    34  sensor.o(i.sensor_get_event)
    sensor_init                              0x08003f65   Thumb Code    86  sensor.o(i.sensor_init)
    sensor_poll                              0x08003fc5   Thumb Code    60  sensor.o(i.sensor_poll)
    ssd1306_draw_pixel                       0x08004009   Thumb Code    56  ssd1306.o(i.ssd1306_draw_pixel)
    ssd1306_draw_str                         0x08004045   Thumb Code    38  ssd1306.o(i.ssd1306_draw_str)
    ssd1306_fill                             0x0800406d   Thumb Code    18  ssd1306.o(i.ssd1306_fill)
    ssd1306_init                             0x08004085   Thumb Code   190  ssd1306.o(i.ssd1306_init)
    ssd1306_update                           0x08004145   Thumb Code   120  ssd1306.o(i.ssd1306_update)
    ui_init                                  0x080041c5   Thumb Code    24  ui.o(i.ui_init)
    ui_on_error                              0x080041e5   Thumb Code    68  ui.o(i.ui_on_error)
    ui_on_in_plate                           0x08004231   Thumb Code    42  ui.o(i.ui_on_in_plate)
    ui_on_pay_ok                             0x08004265   Thumb Code    48  ui.o(i.ui_on_pay_ok)
    ui_on_pay_wait                           0x080042a1   Thumb Code    50  ui.o(i.ui_on_pay_wait)
    ui_proc                                  0x080042e1   Thumb Code    24  main.o(i.ui_proc)
    ui_tick                                  0x08004311   Thumb Code   222  ui.o(i.ui_tick)
    AHBPrescTable                            0x08004432   Data          16  system_stm32f1xx.o(.constdata)
    APBPrescTable                            0x08004442   Data           8  system_stm32f1xx.o(.constdata)
    Region$$Table$$Base                      0x08005054   Number         0  anon$$obj.o(Region$$Table)
    Region$$Table$$Limit                     0x08005074   Number         0  anon$$obj.o(Region$$Table)
    sec_tick                                 0x20000000   Data           1  main.o(.data)
    lane_hint                                0x20000001   Data           1  main.o(.data)
    uart1_rx_byte                            0x20000002   Data           1  main.o(.data)
    scfg                                     0x20000004   Data           2  main.o(.data)
    g_ms                                     0x20000008   Data           4  main.o(.data)
    lane_hint_t                              0x2000000c   Data           4  main.o(.data)
    ein                                      0x20000018   Data           4  main.o(.data)
    eout                                     0x2000001c   Data           4  main.o(.data)
    gate_cfg                                 0x20000020   Data           8  main.o(.data)
    bc                                       0x20000028   Data          12  main.o(.data)
    g_ocr                                    0x20000034   Data          40  main.o(.data)
    uwTickFreq                               0x2000005c   Data           1  stm32f1xx_hal.o(.data)
    uwTickPrio                               0x20000060   Data           4  stm32f1xx_hal.o(.data)
    uwTick                                   0x20000064   Data           4  stm32f1xx_hal.o(.data)
    SystemCoreClock                          0x20000068   Data           4  system_stm32f1xx.o(.data)
    g_parking_cfg                            0x200000b0   Data           1  parking_db.o(.data)
    g_pay_btn_event                          0x200000d0   Data           1  btn.o(.data)
    __stdout                                 0x200000e4   Data           4  stdout.o(.data)
    e                                        0x200000e8   Data          36  main.o(.bss)
    hi2c1                                    0x2000010c   Data          84  i2c.o(.bss)
    htim2                                    0x20000160   Data          72  tim.o(.bss)
    htim3                                    0x200001a8   Data          72  tim.o(.bss)
    htim4                                    0x200001f0   Data          72  tim.o(.bss)
    huart1                                   0x20000238   Data          72  usart.o(.bss)
    huart2                                   0x20000280   Data          72  usart.o(.bss)
    huart3                                   0x200002c8   Data          72  usart.o(.bss)
    __initial_sp                             0x20001a98   Data           0  startup_stm32f103xb.o(STACK)



==============================================================================

Memory Map of the image

  Image Entry point : 0x080000ed

  Load Region LR_IROM1 (Base: 0x08000000, Size: 0x0000515c, Max: 0x00010000, ABSOLUTE)

    Execution Region ER_IROM1 (Exec base: 0x08000000, Load base: 0x08000000, Size: 0x00005074, Max: 0x00010000, ABSOLUTE)

    Exec Addr    Load Addr    Size         Type   Attr      Idx    E Section Name        Object

    0x08000000   0x08000000   0x000000ec   Data   RO            3    RESET               startup_stm32f103xb.o
    0x080000ec   0x080000ec   0x00000000   Code   RO         4095  * .ARM.Collect$$$$00000000  mc_w.l(entry.o)
    0x080000ec   0x080000ec   0x00000004   Code   RO         4373    .ARM.Collect$$$$00000001  mc_w.l(entry2.o)
    0x080000f0   0x080000f0   0x00000004   Code   RO         4376    .ARM.Collect$$$$00000004  mc_w.l(entry5.o)
    0x080000f4   0x080000f4   0x00000000   Code   RO         4378    .ARM.Collect$$$$00000008  mc_w.l(entry7b.o)
    0x080000f4   0x080000f4   0x00000000   Code   RO         4380    .ARM.Collect$$$$0000000A  mc_w.l(entry8b.o)
    0x080000f4   0x080000f4   0x00000008   Code   RO         4381    .ARM.Collect$$$$0000000B  mc_w.l(entry9a.o)
    0x080000fc   0x080000fc   0x00000004   Code   RO         4388    .ARM.Collect$$$$0000000E  mc_w.l(entry12b.o)
    0x08000100   0x08000100   0x00000000   Code   RO         4383    .ARM.Collect$$$$0000000F  mc_w.l(entry10a.o)
    0x08000100   0x08000100   0x00000000   Code   RO         4385    .ARM.Collect$$$$00000011  mc_w.l(entry11a.o)
    0x08000100   0x08000100   0x00000004   Code   RO         4374    .ARM.Collect$$$$00002712  mc_w.l(entry2.o)
    0x08000104   0x08000104   0x00000024   Code   RO            4    .text               startup_stm32f103xb.o
    0x08000128   0x08000128   0x00000020   Code   RO         4098    .text               mc_w.l(llushr.o)
    0x08000148   0x08000148   0x00000024   Code   RO         4100    .text               mc_w.l(memcpya.o)
    0x0800016c   0x0800016c   0x00000024   Code   RO         4102    .text               mc_w.l(memseta.o)
    0x08000190   0x08000190   0x00000018   Code   RO         4104    .text               mc_w.l(strncpy.o)
    0x080001a8   0x080001a8   0x0000001c   Code   RO         4106    .text               mc_w.l(strcmp.o)
    0x080001c4   0x080001c4   0x0000001e   Code   RO         4108    .text               mc_w.l(strncmp.o)
    0x080001e2   0x080001e2   0x00000062   Code   RO         4392    .text               mc_w.l(uldiv.o)
    0x08000244   0x08000244   0x00000024   Code   RO         4405    .text               mc_w.l(init.o)
    0x08000268   0x08000268   0x0000001e   Code   RO         4407    .text               mc_w.l(llshl.o)
    0x08000286   0x08000286   0x00000002   Code   RO          496    i.BusFault_Handler  stm32f1xx_it.o
    0x08000288   0x08000288   0x00000002   Code   RO          497    i.DebugMon_Handler  stm32f1xx_it.o
    0x0800028a   0x0800028a   0x00000008   Code   RO          498    i.EXTI15_10_IRQHandler  stm32f1xx_it.o
    0x08000292   0x08000292   0x00000004   Code   RO           13    i.Error_Handler     main.o
    0x08000296   0x08000296   0x00000046   Code   RO         1486    i.HAL_DMA_Abort     stm32f1xx_hal_dma.o
    0x080002dc   0x080002dc   0x00000098   Code   RO         1487    i.HAL_DMA_Abort_IT  stm32f1xx_hal_dma.o
    0x08000374   0x08000374   0x00000024   Code   RO         1112    i.HAL_Delay         stm32f1xx_hal.o
    0x08000398   0x08000398   0x0000000c   Code   RO           14    i.HAL_GPIO_EXTI_Callback  main.o
    0x080003a4   0x080003a4   0x00000018   Code   RO         1421    i.HAL_GPIO_EXTI_IRQHandler  stm32f1xx_hal_gpio.o
    0x080003bc   0x080003bc   0x000001e0   Code   RO         1422    i.HAL_GPIO_Init     stm32f1xx_hal_gpio.o
    0x0800059c   0x0800059c   0x0000000a   Code   RO         1424    i.HAL_GPIO_ReadPin  stm32f1xx_hal_gpio.o
    0x080005a6   0x080005a6   0x00000002   PAD
    0x080005a8   0x080005a8   0x0000000c   Code   RO         1116    i.HAL_GetTick       stm32f1xx_hal.o
    0x080005b4   0x080005b4   0x00000188   Code   RO          679    i.HAL_I2C_Init      stm32f1xx_hal_i2c.o
    0x0800073c   0x0800073c   0x0000012c   Code   RO          692    i.HAL_I2C_Master_Transmit  stm32f1xx_hal_i2c.o
    0x08000868   0x08000868   0x00000070   Code   RO          251    i.HAL_I2C_MspInit   i2c.o
    0x080008d8   0x080008d8   0x00000010   Code   RO         1122    i.HAL_IncTick       stm32f1xx_hal.o
    0x080008e8   0x080008e8   0x00000024   Code   RO         1123    i.HAL_Init          stm32f1xx_hal.o
    0x0800090c   0x0800090c   0x00000040   Code   RO         1124    i.HAL_InitTick      stm32f1xx_hal.o
    0x0800094c   0x0800094c   0x0000003c   Code   RO          608    i.HAL_MspInit       stm32f1xx_hal_msp.o
    0x08000988   0x08000988   0x0000001a   Code   RO         1582    i.HAL_NVIC_EnableIRQ  stm32f1xx_hal_cortex.o
    0x080009a2   0x080009a2   0x00000002   PAD
    0x080009a4   0x080009a4   0x00000040   Code   RO         1588    i.HAL_NVIC_SetPriority  stm32f1xx_hal_cortex.o
    0x080009e4   0x080009e4   0x00000024   Code   RO         1589    i.HAL_NVIC_SetPriorityGrouping  stm32f1xx_hal_cortex.o
    0x08000a08   0x08000a08   0x0000012c   Code   RO         1280    i.HAL_RCC_ClockConfig  stm32f1xx_hal_rcc.o
    0x08000b34   0x08000b34   0x00000020   Code   RO         1287    i.HAL_RCC_GetPCLK1Freq  stm32f1xx_hal_rcc.o
    0x08000b54   0x08000b54   0x00000020   Code   RO         1288    i.HAL_RCC_GetPCLK2Freq  stm32f1xx_hal_rcc.o
    0x08000b74   0x08000b74   0x0000004c   Code   RO         1289    i.HAL_RCC_GetSysClockFreq  stm32f1xx_hal_rcc.o
    0x08000bc0   0x08000bc0   0x00000320   Code   RO         1292    i.HAL_RCC_OscConfig  stm32f1xx_hal_rcc.o
    0x08000ee0   0x08000ee0   0x00000028   Code   RO         1593    i.HAL_SYSTICK_Config  stm32f1xx_hal_cortex.o
    0x08000f08   0x08000f08   0x00000002   Code   RO         2788    i.HAL_TIMEx_BreakCallback  stm32f1xx_hal_tim_ex.o
    0x08000f0a   0x08000f0a   0x00000002   Code   RO         2789    i.HAL_TIMEx_CommutCallback  stm32f1xx_hal_tim_ex.o
    0x08000f0c   0x08000f0c   0x00000068   Code   RO         2807    i.HAL_TIMEx_MasterConfigSynchronization  stm32f1xx_hal_tim_ex.o
    0x08000f74   0x08000f74   0x0000005a   Code   RO         2084    i.HAL_TIM_Base_Init  stm32f1xx_hal_tim.o
    0x08000fce   0x08000fce   0x00000002   PAD
    0x08000fd0   0x08000fd0   0x00000088   Code   RO          377    i.HAL_TIM_Base_MspInit  tim.o
    0x08001058   0x08001058   0x00000058   Code   RO         2089    i.HAL_TIM_Base_Start_IT  stm32f1xx_hal_tim.o
    0x080010b0   0x080010b0   0x000000dc   Code   RO         2093    i.HAL_TIM_ConfigClockSource  stm32f1xx_hal_tim.o
    0x0800118c   0x0800118c   0x00000002   Code   RO         2118    i.HAL_TIM_IC_CaptureCallback  stm32f1xx_hal_tim.o
    0x0800118e   0x0800118e   0x00000130   Code   RO         2132    i.HAL_TIM_IRQHandler  stm32f1xx_hal_tim.o
    0x080012be   0x080012be   0x00000002   PAD
    0x080012c0   0x080012c0   0x0000004c   Code   RO          378    i.HAL_TIM_MspPostInit  tim.o
    0x0800130c   0x0800130c   0x00000002   Code   RO         2135    i.HAL_TIM_OC_DelayElapsedCallback  stm32f1xx_hal_tim.o
    0x0800130e   0x0800130e   0x000000cc   Code   RO         2156    i.HAL_TIM_PWM_ConfigChannel  stm32f1xx_hal_tim.o
    0x080013da   0x080013da   0x0000005a   Code   RO         2159    i.HAL_TIM_PWM_Init  stm32f1xx_hal_tim.o
    0x08001434   0x08001434   0x00000002   Code   RO         2161    i.HAL_TIM_PWM_MspInit  stm32f1xx_hal_tim.o
    0x08001436   0x08001436   0x00000002   Code   RO         2162    i.HAL_TIM_PWM_PulseFinishedCallback  stm32f1xx_hal_tim.o
    0x08001438   0x08001438   0x0000009c   Code   RO         2164    i.HAL_TIM_PWM_Start  stm32f1xx_hal_tim.o
    0x080014d4   0x080014d4   0x00000028   Code   RO           15    i.HAL_TIM_PeriodElapsedCallback  main.o
    0x080014fc   0x080014fc   0x00000002   Code   RO         2175    i.HAL_TIM_TriggerCallback  stm32f1xx_hal_tim.o
    0x080014fe   0x080014fe   0x00000002   Code   RO         3067    i.HAL_UARTEx_RxEventCallback  stm32f1xx_hal_uart.o
    0x08001500   0x08001500   0x00000002   Code   RO         3081    i.HAL_UART_ErrorCallback  stm32f1xx_hal_uart.o
    0x08001502   0x08001502   0x00000002   PAD
    0x08001504   0x08001504   0x0000026c   Code   RO         3084    i.HAL_UART_IRQHandler  stm32f1xx_hal_uart.o
    0x08001770   0x08001770   0x00000064   Code   RO         3085    i.HAL_UART_Init     stm32f1xx_hal_uart.o
    0x080017d4   0x080017d4   0x00000128   Code   RO          437    i.HAL_UART_MspInit  usart.o
    0x080018fc   0x080018fc   0x0000001c   Code   RO         3090    i.HAL_UART_Receive_IT  stm32f1xx_hal_uart.o
    0x08001918   0x08001918   0x00000030   Code   RO           16    i.HAL_UART_RxCpltCallback  main.o
    0x08001948   0x08001948   0x000000a0   Code   RO         3093    i.HAL_UART_Transmit  stm32f1xx_hal_uart.o
    0x080019e8   0x080019e8   0x00000002   Code   RO         3096    i.HAL_UART_TxCpltCallback  stm32f1xx_hal_uart.o
    0x080019ea   0x080019ea   0x00000002   Code   RO          499    i.HardFault_Handler  stm32f1xx_it.o
    0x080019ec   0x080019ec   0x0000002e   Code   RO          722    i.I2C_IsAcknowledgeFailed  stm32f1xx_hal_i2c.o
    0x08001a1a   0x08001a1a   0x00000002   PAD
    0x08001a1c   0x08001a1c   0x0000009c   Code   RO          726    i.I2C_MasterRequestWrite  stm32f1xx_hal_i2c.o
    0x08001ab8   0x08001ab8   0x00000056   Code   RO          737    i.I2C_WaitOnBTFFlagUntilTimeout  stm32f1xx_hal_i2c.o
    0x08001b0e   0x08001b0e   0x00000002   PAD
    0x08001b10   0x08001b10   0x00000090   Code   RO          738    i.I2C_WaitOnFlagUntilTimeout  stm32f1xx_hal_i2c.o
    0x08001ba0   0x08001ba0   0x000000bc   Code   RO          739    i.I2C_WaitOnMasterAddressFlagUntilTimeout  stm32f1xx_hal_i2c.o
    0x08001c5c   0x08001c5c   0x00000056   Code   RO          741    i.I2C_WaitOnTXEFlagUntilTimeout  stm32f1xx_hal_i2c.o
    0x08001cb2   0x08001cb2   0x00000002   PAD
    0x08001cb4   0x08001cb4   0x00000094   Code   RO          226    i.MX_GPIO_Init      gpio.o
    0x08001d48   0x08001d48   0x00000040   Code   RO          252    i.MX_I2C1_Init      i2c.o
    0x08001d88   0x08001d88   0x00000064   Code   RO          379    i.MX_TIM2_Init      tim.o
    0x08001dec   0x08001dec   0x00000098   Code   RO          380    i.MX_TIM3_Init      tim.o
    0x08001e84   0x08001e84   0x00000068   Code   RO          381    i.MX_TIM4_Init      tim.o
    0x08001eec   0x08001eec   0x00000038   Code   RO          438    i.MX_USART1_UART_Init  usart.o
    0x08001f24   0x08001f24   0x00000038   Code   RO          439    i.MX_USART2_UART_Init  usart.o
    0x08001f5c   0x08001f5c   0x00000038   Code   RO          440    i.MX_USART3_UART_Init  usart.o
    0x08001f94   0x08001f94   0x00000002   Code   RO          500    i.MemManage_Handler  stm32f1xx_it.o
    0x08001f96   0x08001f96   0x00000002   Code   RO          501    i.NMI_Handler       stm32f1xx_it.o
    0x08001f98   0x08001f98   0x00000002   Code   RO          502    i.PendSV_Handler    stm32f1xx_it.o
    0x08001f9a   0x08001f9a   0x00000002   Code   RO          503    i.SVC_Handler       stm32f1xx_it.o
    0x08001f9c   0x08001f9c   0x00000004   Code   RO          504    i.SysTick_Handler   stm32f1xx_it.o
    0x08001fa0   0x08001fa0   0x0000005e   Code   RO           17    i.SystemClock_Config  main.o
    0x08001ffe   0x08001ffe   0x00000002   Code   RO         3419    i.SystemInit        system_stm32f1xx.o
    0x08002000   0x08002000   0x0000000c   Code   RO          505    i.TIM2_IRQHandler   stm32f1xx_it.o
    0x0800200c   0x0800200c   0x0000000c   Code   RO          506    i.TIM3_IRQHandler   stm32f1xx_it.o
    0x08002018   0x08002018   0x0000000c   Code   RO          507    i.TIM4_IRQHandler   stm32f1xx_it.o
    0x08002024   0x08002024   0x00000078   Code   RO         2177    i.TIM_Base_SetConfig  stm32f1xx_hal_tim.o
    0x0800209c   0x0800209c   0x0000001a   Code   RO         2178    i.TIM_CCxChannelCmd  stm32f1xx_hal_tim.o
    0x080020b6   0x080020b6   0x00000014   Code   RO         2188    i.TIM_ETR_SetConfig  stm32f1xx_hal_tim.o
    0x080020ca   0x080020ca   0x00000010   Code   RO         2189    i.TIM_ITRx_SetConfig  stm32f1xx_hal_tim.o
    0x080020da   0x080020da   0x00000002   PAD
    0x080020dc   0x080020dc   0x00000050   Code   RO         2190    i.TIM_OC1_SetConfig  stm32f1xx_hal_tim.o
    0x0800212c   0x0800212c   0x00000058   Code   RO         2191    i.TIM_OC2_SetConfig  stm32f1xx_hal_tim.o
    0x08002184   0x08002184   0x00000058   Code   RO         2192    i.TIM_OC3_SetConfig  stm32f1xx_hal_tim.o
    0x080021dc   0x080021dc   0x00000044   Code   RO         2193    i.TIM_OC4_SetConfig  stm32f1xx_hal_tim.o
    0x08002220   0x08002220   0x00000022   Code   RO         2195    i.TIM_TI1_ConfigInputStage  stm32f1xx_hal_tim.o
    0x08002242   0x08002242   0x00000024   Code   RO         2197    i.TIM_TI2_ConfigInputStage  stm32f1xx_hal_tim.o
    0x08002266   0x08002266   0x00000010   Code   RO         3098    i.UART_DMAAbortOnError  stm32f1xx_hal_uart.o
    0x08002276   0x08002276   0x0000004e   Code   RO         3108    i.UART_EndRxTransfer  stm32f1xx_hal_uart.o
    0x080022c4   0x080022c4   0x000000c2   Code   RO         3110    i.UART_Receive_IT   stm32f1xx_hal_uart.o
    0x08002386   0x08002386   0x00000002   PAD
    0x08002388   0x08002388   0x000000b8   Code   RO         3111    i.UART_SetConfig    stm32f1xx_hal_uart.o
    0x08002440   0x08002440   0x00000036   Code   RO         3113    i.UART_Start_Receive_IT  stm32f1xx_hal_uart.o
    0x08002476   0x08002476   0x00000072   Code   RO         3114    i.UART_WaitOnFlagUntilTimeout  stm32f1xx_hal_uart.o
    0x080024e8   0x080024e8   0x0000000c   Code   RO          508    i.USART1_IRQHandler  stm32f1xx_it.o
    0x080024f4   0x080024f4   0x0000000c   Code   RO          509    i.USART2_IRQHandler  stm32f1xx_it.o
    0x08002500   0x08002500   0x00000002   Code   RO          510    i.UsageFault_Handler  stm32f1xx_it.o
    0x08002502   0x08002502   0x00000002   PAD
    0x08002504   0x08002504   0x00000020   Code   RO         4319    i.__0printf$8       mc_w.l(printf8.o)
    0x08002524   0x08002524   0x00000034   Code   RO         4320    i.__0snprintf$8     mc_w.l(printf8.o)
    0x08002558   0x08002558   0x00000020   Code   RO         1595    i.__NVIC_SetPriority  stm32f1xx_hal_cortex.o
    0x08002578   0x08002578   0x0000000e   Code   RO         4415    i.__scatterload_copy  mc_w.l(handlers.o)
    0x08002586   0x08002586   0x00000002   Code   RO         4416    i.__scatterload_null  mc_w.l(handlers.o)
    0x08002588   0x08002588   0x0000000e   Code   RO         4417    i.__scatterload_zeroinit  mc_w.l(handlers.o)
    0x08002596   0x08002596   0x00000002   PAD
    0x08002598   0x08002598   0x00000404   Code   RO         4326    i._printf_core      mc_w.l(printf8.o)
    0x0800299c   0x0800299c   0x00000024   Code   RO         4327    i._printf_post_padding  mc_w.l(printf8.o)
    0x080029c0   0x080029c0   0x0000002e   Code   RO         4328    i._printf_pre_padding  mc_w.l(printf8.o)
    0x080029ee   0x080029ee   0x00000016   Code   RO         4329    i._snputc           mc_w.l(printf8.o)
    0x08002a04   0x08002a04   0x00000024   Code   RO         3884    i.billing_calc_fee_cents  billing.o
    0x08002a28   0x08002a28   0x00000014   Code   RO         3885    i.billing_set_cfg   billing.o
    0x08002a3c   0x08002a3c   0x00000054   Code   RO         4062    i.btn_handle_exti   btn.o
    0x08002a90   0x08002a90   0x00000020   Code   RO         4063    i.btn_poll          btn.o
    0x08002ab0   0x08002ab0   0x00000012   Code   RO         3685    i.ch_init           sensor.o
    0x08002ac2   0x08002ac2   0x00000002   PAD
    0x08002ac4   0x08002ac4   0x00000040   Code   RO         3686    i.ch_update         sensor.o
    0x08002b04   0x08002b04   0x0000002c   Code   RO         3492    i.crc8_maxim        crc8_maxim.o
    0x08002b30   0x08002b30   0x0000000c   Code   RO         3812    i.db_capacity       parking_db.o
    0x08002b3c   0x08002b3c   0x0000005c   Code   RO         3813    i.db_commit_exit    parking_db.o
    0x08002b98   0x08002b98   0x00000028   Code   RO         3814    i.db_count_active   parking_db.o
    0x08002bc0   0x08002bc0   0x00000074   Code   RO         3815    i.db_enter          parking_db.o
    0x08002c34   0x08002c34   0x0000003c   Code   RO         3816    i.db_find_active    parking_db.o
    0x08002c70   0x08002c70   0x00000050   Code   RO         3817    i.db_find_writable_slot  parking_db.o
    0x08002cc0   0x08002cc0   0x00000010   Code   RO         3819    i.db_init           parking_db.o
    0x08002cd0   0x08002cd0   0x0000004c   Code   RO         3820    i.db_preview_exit   parking_db.o
    0x08002d1c   0x08002d1c   0x0000006a   Code   RO         3984    i.draw16x16         ssd1306.o
    0x08002d86   0x08002d86   0x00000002   PAD
    0x08002d88   0x08002d88   0x000000cc   Code   RO         3985    i.draw8x16          ssd1306.o
    0x08002e54   0x08002e54   0x000000a4   Code   RO         3904    i.draw_err          ui.o
    0x08002ef8   0x08002ef8   0x00000090   Code   RO         3905    i.draw_home         ui.o
    0x08002f88   0x08002f88   0x0000009c   Code   RO         3906    i.draw_pay_ok       ui.o
    0x08003024   0x08003024   0x000000a4   Code   RO         3907    i.draw_pay_wait     ui.o
    0x080030c8   0x080030c8   0x00000074   Code   RO         3986    i.draw_plate_utf8   ssd1306.o
    0x0800313c   0x0800313c   0x00000010   Code   RO         3507    i.drop_and_resync   maix_parser.o
    0x0800314c   0x0800314c   0x00000018   Code   RO          441    i.fputc             usart.o
    0x08003164   0x08003164   0x00000044   Code   RO         3756    i.fsm_init          fsm.o
    0x080031a8   0x080031a8   0x0000002c   Code   RO         3757    i.fsm_on_ir_in_blocked  fsm.o
    0x080031d4   0x080031d4   0x0000002c   Code   RO         3758    i.fsm_on_ir_out_blocked  fsm.o
    0x08003200   0x08003200   0x00000064   Code   RO         3759    i.fsm_on_plate      fsm.o
    0x08003264   0x08003264   0x00000458   Code   RO         3760    i.fsm_step          fsm.o
    0x080036bc   0x080036bc   0x00000028   Code   RO         3611    i.gate_close        gate.o
    0x080036e4   0x080036e4   0x0000004c   Code   RO         3613    i.gate_init         gate.o
    0x08003730   0x08003730   0x00000014   Code   RO         3614    i.gate_is_closed    gate.o
    0x08003744   0x08003744   0x00000010   Code   RO         3615    i.gate_is_open      gate.o
    0x08003754   0x08003754   0x00000030   Code   RO         3616    i.gate_open         gate.o
    0x08003784   0x08003784   0x0000002c   Code   RO         3617    i.gate_poll         gate.o
    0x080037b0   0x080037b0   0x00000028   Code   RO         3761    i.goto_state        fsm.o
    0x080037d8   0x080037d8   0x0000016c   Code   RO           19    i.main              main.o
    0x08003944   0x08003944   0x00000028   Code   RO         3536    i.maix_link_get_plate  maix_link.o
    0x0800396c   0x0800396c   0x00000048   Code   RO         3538    i.maix_link_init    maix_link.o
    0x080039b4   0x080039b4   0x00000030   Code   RO         3539    i.maix_link_on_rx_byte  maix_link.o
    0x080039e4   0x080039e4   0x000000e0   Code   RO         3540    i.maix_link_poll    maix_link.o
    0x08003ac4   0x08003ac4   0x000000ac   Code   RO         3542    i.maix_link_send_req_ocr  maix_link.o
    0x08003b70   0x08003b70   0x000000f0   Code   RO         3508    i.maix_parser_feed  maix_parser.o
    0x08003c60   0x08003c60   0x00000012   Code   RO         3509    i.maix_parser_init  maix_parser.o
    0x08003c72   0x08003c72   0x00000002   PAD
    0x08003c74   0x08003c74   0x00000014   Code   RO         3618    i.map_close_us      gate.o
    0x08003c88   0x08003c88   0x0000005c   Code   RO         3987    i.oled_draw_cn16    ssd1306.o
    0x08003ce4   0x08003ce4   0x0000000a   Code   RO         3687    i.raw_to_blocked    sensor.o
    0x08003cee   0x08003cee   0x0000000c   Code   RO         3455    i.rb_init           rb.o
    0x08003cfa   0x08003cfa   0x00000024   Code   RO         3456    i.rb_pop            rb.o
    0x08003d1e   0x08003d1e   0x00000024   Code   RO         3457    i.rb_push_isr       rb.o
    0x08003d42   0x08003d42   0x00000002   PAD
    0x08003d44   0x08003d44   0x00000018   Code   RO         3688    i.read_raw_in       sensor.o
    0x08003d5c   0x08003d5c   0x00000018   Code   RO         3689    i.read_raw_out      sensor.o
    0x08003d74   0x08003d74   0x000001c8   Code   RO           20    i.sensor            main.o
    0x08003f3c   0x08003f3c   0x00000028   Code   RO         3690    i.sensor_get_event  sensor.o
    0x08003f64   0x08003f64   0x00000060   Code   RO         3692    i.sensor_init       sensor.o
    0x08003fc4   0x08003fc4   0x00000044   Code   RO         3693    i.sensor_poll       sensor.o
    0x08004008   0x08004008   0x0000003c   Code   RO         3988    i.ssd1306_draw_pixel  ssd1306.o
    0x08004044   0x08004044   0x00000026   Code   RO         3989    i.ssd1306_draw_str  ssd1306.o
    0x0800406a   0x0800406a   0x00000002   PAD
    0x0800406c   0x0800406c   0x00000018   Code   RO         3990    i.ssd1306_fill      ssd1306.o
    0x08004084   0x08004084   0x000000be   Code   RO         3991    i.ssd1306_init      ssd1306.o
    0x08004142   0x08004142   0x00000002   PAD
    0x08004144   0x08004144   0x00000080   Code   RO         3992    i.ssd1306_update    ssd1306.o
    0x080041c4   0x080041c4   0x00000020   Code   RO         3908    i.ui_init           ui.o
    0x080041e4   0x080041e4   0x0000004c   Code   RO         3909    i.ui_on_error       ui.o
    0x08004230   0x08004230   0x00000034   Code   RO         3910    i.ui_on_in_plate    ui.o
    0x08004264   0x08004264   0x0000003c   Code   RO         3912    i.ui_on_pay_ok      ui.o
    0x080042a0   0x080042a0   0x00000040   Code   RO         3913    i.ui_on_pay_wait    ui.o
    0x080042e0   0x080042e0   0x0000001c   Code   RO           21    i.ui_proc           main.o
    0x080042fc   0x080042fc   0x00000014   Code   RO         3914    i.ui_set_page       ui.o
    0x08004310   0x08004310   0x000000f0   Code   RO         3915    i.ui_tick           ui.o
    0x08004400   0x08004400   0x00000020   Code   RO         3993    i.wr_cmd            ssd1306.o
    0x08004420   0x08004420   0x00000012   Data   RO         1293    .constdata          stm32f1xx_hal_rcc.o
    0x08004432   0x08004432   0x00000010   Data   RO         3420    .constdata          system_stm32f1xx.o
    0x08004442   0x08004442   0x00000008   Data   RO         3421    .constdata          system_stm32f1xx.o
    0x0800444a   0x0800444a   0x0000007e   Data   RO         3917    .constdata          ui.o
    0x080044c8   0x080044c8   0x00000b8c   Data   RO         3995    .constdata          ssd1306.o
    0x08005054   0x08005054   0x00000020   Data   RO         4413    Region$$Table       anon$$obj.o


    Execution Region RW_IRAM1 (Exec base: 0x20000000, Load base: 0x08005074, Size: 0x00001a98, Max: 0x00005000, ABSOLUTE)

    Exec Addr    Load Addr    Size         Type   Attr      Idx    E Section Name        Object

    0x20000000   0x08005074   0x0000005c   Data   RW           23    .data               main.o
    0x2000005c   0x080050d0   0x0000000c   Data   RW         1130    .data               stm32f1xx_hal.o
    0x20000068   0x080050dc   0x00000004   Data   RW         3422    .data               system_stm32f1xx.o
    0x2000006c   0x080050e0   0x0000000c   Data   RW         3544    .data               maix_link.o
    0x20000078   0x080050ec   0x00000014   Data   RW         3619    .data               gate.o
    0x2000008c   0x08005100   0x00000008   Data   RW         3695    .data               sensor.o
    0x20000094   0x08005108   0x0000001c   Data   RW         3763    .data               fsm.o
    0x200000b0   0x08005124   0x00000001   Data   RW         3822    .data               parking_db.o
    0x200000b1   0x08005125   0x00000003   PAD
    0x200000b4   0x08005128   0x0000000c   Data   RW         3886    .data               billing.o
    0x200000c0   0x08005134   0x00000010   Data   RW         3918    .data               ui.o
    0x200000d0   0x08005144   0x00000014   Data   RW         4064    .data               btn.o
    0x200000e4   0x08005158   0x00000004   Data   RW         4389    .data               mc_w.l(stdout.o)
    0x200000e8        -       0x00000024   Zero   RW           22    .bss                main.o
    0x2000010c        -       0x00000054   Zero   RW          253    .bss                i2c.o
    0x20000160        -       0x000000d8   Zero   RW          382    .bss                tim.o
    0x20000238        -       0x000000d8   Zero   RW          442    .bss                usart.o
    0x20000310        -       0x00000570   Zero   RW         3543    .bss                maix_link.o
    0x20000880        -       0x00000018   Zero   RW         3694    .bss                sensor.o
    0x20000898        -       0x00000041   Zero   RW         3762    .bss                fsm.o
    0x200008d9   0x0800515c   0x00000003   PAD
    0x200008dc        -       0x00000960   Zero   RW         3821    .bss                parking_db.o
    0x2000123c        -       0x00000056   Zero   RW         3916    .bss                ui.o
    0x20001292        -       0x00000400   Zero   RW         3994    .bss                ssd1306.o
    0x20001692   0x0800515c   0x00000006   PAD
    0x20001698        -       0x00000400   Zero   RW            1    STACK               startup_stm32f103xb.o


==============================================================================

Image component sizes


      Code (inc. data)   RO Data    RW Data    ZI Data      Debug   Object Name

        56         12          0         12          0       1447   billing.o
       116         32          0         20          0       1907   btn.o
        44          0          0          0          0       1037   crc8_maxim.o
      1408        738          0         28         65       4588   fsm.o
       264         44          0         20          0       4461   gate.o
       148         18          0          0          0        871   gpio.o
       176         30          0          0         84     430253   i2c.o
      1046        276          0         92         36     433066   main.o
       556        144          0         12       1392       5868   maix_link.o
       274         10          0          0          0       2974   maix_parser.o
       492         48          0          1       2400       7077   parking_db.o
        84          0          0          0          0       2436   rb.o
       344         42          0          8         24       5507   sensor.o
       990         42       2956          0       1024       8736   ssd1306.o
        36          8        236          0       1024        772   startup_stm32f103xb.o
       164         28          0         12          0       5665   stm32f1xx_hal.o
       198         14          0          0          0      28755   stm32f1xx_hal_cortex.o
       222          4          0          0          0       1679   stm32f1xx_hal_dma.o
       514         40          0          0          0       3358   stm32f1xx_hal_gpio.o
      1398         32          0          0          0       8837   stm32f1xx_hal_i2c.o
        60          8          0          0          0        814   stm32f1xx_hal_msp.o
      1240         84         18          0          0       4932   stm32f1xx_hal_rcc.o
      1738         56          0          0          0      15438   stm32f1xx_hal_tim.o
       108         12          0          0          0       2281   stm32f1xx_hal_tim_ex.o
      1554         10          0          0          0      10532   stm32f1xx_hal_uart.o
        88         30          0          0          0       6027   stm32f1xx_it.o
         2          0         24          4          0       1023   system_stm32f1xx.o
       568         48          0          0        216       3486   tim.o
      1172        198        126         16         86       7991   ui.o
       488         54          0          0        216       3360   usart.o

    ----------------------------------------------------------------------
     15582       2062       3392        228       6576    1015178   Object Totals
         0          0         32          0          0          0   (incl. Generated)
        34          0          0          3          9          0   (incl. Padding)

    ----------------------------------------------------------------------

      Code (inc. data)   RO Data    RW Data    ZI Data      Debug   Library Member Name

         0          0          0          0          0          0   entry.o
         0          0          0          0          0          0   entry10a.o
         0          0          0          0          0          0   entry11a.o
         4          0          0          0          0          0   entry12b.o
         8          4          0          0          0          0   entry2.o
         4          0          0          0          0          0   entry5.o
         0          0          0          0          0          0   entry7b.o
         0          0          0          0          0          0   entry8b.o
         8          4          0          0          0          0   entry9a.o
        30          0          0          0          0          0   handlers.o
        36          8          0          0          0         68   init.o
        30          0          0          0          0         68   llshl.o
        32          0          0          0          0         68   llushr.o
        36          0          0          0          0         68   memcpya.o
        36          0          0          0          0        108   memseta.o
      1216         58          0          0          0        508   printf8.o
         0          0          0          4          0          0   stdout.o
        28          0          0          0          0         76   strcmp.o
        30          0          0          0          0         80   strncmp.o
        24          0          0          0          0         76   strncpy.o
        98          0          0          0          0         92   uldiv.o

    ----------------------------------------------------------------------
      1622         74          0          4          0       1212   Library Totals
         2          0          0          0          0          0   (incl. Padding)

    ----------------------------------------------------------------------

      Code (inc. data)   RO Data    RW Data    ZI Data      Debug   Library Name

      1620         74          0          4          0       1212   mc_w.l

    ----------------------------------------------------------------------
      1622         74          0          4          0       1212   Library Totals

    ----------------------------------------------------------------------

==============================================================================


      Code (inc. data)   RO Data    RW Data    ZI Data      Debug   

     17204       2136       3392        232       6576    1007338   Grand Totals
     17204       2136       3392        232       6576    1007338   ELF Image Totals
     17204       2136       3392        232          0          0   ROM Totals

==============================================================================

    Total RO  Size (Code + RO Data)                20596 (  20.11kB)
    Total RW  Size (RW Data + ZI Data)              6808 (   6.65kB)
    Total ROM Size (Code + RO Data + RW Data)      20828 (  20.34kB)

==============================================================================

